[0.024s] Invoking command in '/home/ktel/yeyu_ws_temp/build/yeyu_bringup': CMAKE_PREFIX_PATH=${CMAKE_PREFIX_PATH}:/home/ktel/pyqt_ws/install/tb3_nav2_pyqt_gui:/home/ktel/pyqt_ws/install/robot_audio_gui:/home/ktel/pyqt_ws/install/pyqt_component_qui:/home/ktel/pyqt_ws/install/pyqt_component_gui:/home/ktel/pyqt_ws/install/YEYU_turtlebot3_pyqt_gui:/home/ktel/ros2_lab_ws/install/topic_practice:/home/ktel/ros2_lab_ws/install/pyqt_ros2_gui:/home/ktel/ros2_study/install/my_first_package:/opt/ros/humble /usr/bin/cmake /home/ktel/yeyu_ws_temp/src/yeyu_bringup -DCMAKE_INSTALL_PREFIX=/home/ktel/yeyu_ws_temp/install/yeyu_bringup
[0.239s] -- The C compiler identification is GNU 11.4.0
[0.399s] -- The CXX compiler identification is GNU 11.4.0
[0.418s] -- Detecting C compiler ABI info
[0.525s] -- Detecting C compiler ABI info - done
[0.527s] -- Check for working C compiler: /usr/bin/cc - skipped
[0.527s] -- Detecting C compile features
[0.527s] -- Detecting C compile features - done
[0.533s] -- Detecting CXX compiler ABI info
[0.633s] -- Detecting CXX compiler ABI info - done
[0.641s] -- Check for working CXX compiler: /usr/bin/c++ - skipped
[0.641s] -- Detecting CXX compile features
[0.642s] -- Detecting CXX compile features - done
[0.666s] -- Found ament_cmake: 1.3.14 (/opt/ros/humble/share/ament_cmake/cmake)
[1.046s] -- Found Python3: /usr/bin/python3 (found version "3.10.12") found components: Interpreter 
[1.256s] -- Configuring done
[1.257s] -- Generating done
[1.259s] -- Build files have been written to: /home/ktel/yeyu_ws_temp/build/yeyu_bringup
[1.268s] Invoked command in '/home/ktel/yeyu_ws_temp/build/yeyu_bringup' returned '0': CMAKE_PREFIX_PATH=${CMAKE_PREFIX_PATH}:/home/ktel/pyqt_ws/install/tb3_nav2_pyqt_gui:/home/ktel/pyqt_ws/install/robot_audio_gui:/home/ktel/pyqt_ws/install/pyqt_component_qui:/home/ktel/pyqt_ws/install/pyqt_component_gui:/home/ktel/pyqt_ws/install/YEYU_turtlebot3_pyqt_gui:/home/ktel/ros2_lab_ws/install/topic_practice:/home/ktel/ros2_lab_ws/install/pyqt_ros2_gui:/home/ktel/ros2_study/install/my_first_package:/opt/ros/humble /usr/bin/cmake /home/ktel/yeyu_ws_temp/src/yeyu_bringup -DCMAKE_INSTALL_PREFIX=/home/ktel/yeyu_ws_temp/install/yeyu_bringup
[1.271s] Invoking command in '/home/ktel/yeyu_ws_temp/build/yeyu_bringup': CMAKE_PREFIX_PATH=${CMAKE_PREFIX_PATH}:/home/ktel/pyqt_ws/install/tb3_nav2_pyqt_gui:/home/ktel/pyqt_ws/install/robot_audio_gui:/home/ktel/pyqt_ws/install/pyqt_component_qui:/home/ktel/pyqt_ws/install/pyqt_component_gui:/home/ktel/pyqt_ws/install/YEYU_turtlebot3_pyqt_gui:/home/ktel/ros2_lab_ws/install/topic_practice:/home/ktel/ros2_lab_ws/install/pyqt_ros2_gui:/home/ktel/ros2_study/install/my_first_package:/opt/ros/humble /usr/bin/cmake --build /home/ktel/yeyu_ws_temp/build/yeyu_bringup -- -j8 -l8
[1.315s] Invoked command in '/home/ktel/yeyu_ws_temp/build/yeyu_bringup' returned '0': CMAKE_PREFIX_PATH=${CMAKE_PREFIX_PATH}:/home/ktel/pyqt_ws/install/tb3_nav2_pyqt_gui:/home/ktel/pyqt_ws/install/robot_audio_gui:/home/ktel/pyqt_ws/install/pyqt_component_qui:/home/ktel/pyqt_ws/install/pyqt_component_gui:/home/ktel/pyqt_ws/install/YEYU_turtlebot3_pyqt_gui:/home/ktel/ros2_lab_ws/install/topic_practice:/home/ktel/ros2_lab_ws/install/pyqt_ros2_gui:/home/ktel/ros2_study/install/my_first_package:/opt/ros/humble /usr/bin/cmake --build /home/ktel/yeyu_ws_temp/build/yeyu_bringup -- -j8 -l8
[1.327s] Invoking command in '/home/ktel/yeyu_ws_temp/build/yeyu_bringup': CMAKE_PREFIX_PATH=${CMAKE_PREFIX_PATH}:/home/ktel/pyqt_ws/install/tb3_nav2_pyqt_gui:/home/ktel/pyqt_ws/install/robot_audio_gui:/home/ktel/pyqt_ws/install/pyqt_component_qui:/home/ktel/pyqt_ws/install/pyqt_component_gui:/home/ktel/pyqt_ws/install/YEYU_turtlebot3_pyqt_gui:/home/ktel/ros2_lab_ws/install/topic_practice:/home/ktel/ros2_lab_ws/install/pyqt_ros2_gui:/home/ktel/ros2_study/install/my_first_package:/opt/ros/humble /usr/bin/cmake --install /home/ktel/yeyu_ws_temp/build/yeyu_bringup
[1.336s] -- Install configuration: ""
[1.336s] -- Installing: /home/ktel/yeyu_ws_temp/install/yeyu_bringup/share/yeyu_bringup/launch
[1.336s] -- Installing: /home/ktel/yeyu_ws_temp/install/yeyu_bringup/share/yeyu_bringup/launch/camera.launch.py
[1.336s] -- Installing: /home/ktel/yeyu_ws_temp/install/yeyu_bringup/share/yeyu_bringup/launch/rviz2.launch.py
[1.337s] -- Installing: /home/ktel/yeyu_ws_temp/install/yeyu_bringup/share/yeyu_bringup/launch/turtlebot3_state_publisher.launch.py
[1.337s] -- Installing: /home/ktel/yeyu_ws_temp/install/yeyu_bringup/share/yeyu_bringup/launch/robot.launch.py
[1.337s] -- Installing: /home/ktel/yeyu_ws_temp/install/yeyu_bringup/share/yeyu_bringup/param
[1.337s] -- Installing: /home/ktel/yeyu_ws_temp/install/yeyu_bringup/share/yeyu_bringup/param/humble
[1.337s] -- Installing: /home/ktel/yeyu_ws_temp/install/yeyu_bringup/share/yeyu_bringup/param/humble/waffle.yaml
[1.338s] -- Installing: /home/ktel/yeyu_ws_temp/install/yeyu_bringup/share/yeyu_bringup/param/humble/burger.yaml
[1.338s] -- Installing: /home/ktel/yeyu_ws_temp/install/yeyu_bringup/share/yeyu_bringup/param/humble/waffle_pi.yaml
[1.338s] -- Installing: /home/ktel/yeyu_ws_temp/install/yeyu_bringup/share/yeyu_bringup/param/waffle.yaml
[1.338s] -- Installing: /home/ktel/yeyu_ws_temp/install/yeyu_bringup/share/yeyu_bringup/param/burger.yaml
[1.338s] -- Installing: /home/ktel/yeyu_ws_temp/install/yeyu_bringup/share/yeyu_bringup/param/waffle_pi.yaml
[1.338s] -- Installing: /home/ktel/yeyu_ws_temp/install/yeyu_bringup/share/yeyu_bringup/script
[1.338s] -- Installing: /home/ktel/yeyu_ws_temp/install/yeyu_bringup/share/yeyu_bringup/script/create_udev_rules
[1.338s] -- Installing: /home/ktel/yeyu_ws_temp/install/yeyu_bringup/share/yeyu_bringup/script/99-turtlebot3-cdc.rules
[1.338s] -- Installing: /home/ktel/yeyu_ws_temp/install/yeyu_bringup/share/ament_index/resource_index/package_run_dependencies/yeyu_bringup
[1.338s] -- Installing: /home/ktel/yeyu_ws_temp/install/yeyu_bringup/share/ament_index/resource_index/parent_prefix_path/yeyu_bringup
[1.339s] -- Installing: /home/ktel/yeyu_ws_temp/install/yeyu_bringup/share/yeyu_bringup/environment/ament_prefix_path.sh
[1.339s] -- Installing: /home/ktel/yeyu_ws_temp/install/yeyu_bringup/share/yeyu_bringup/environment/ament_prefix_path.dsv
[1.339s] -- Installing: /home/ktel/yeyu_ws_temp/install/yeyu_bringup/share/yeyu_bringup/environment/path.sh
[1.339s] -- Installing: /home/ktel/yeyu_ws_temp/install/yeyu_bringup/share/yeyu_bringup/environment/path.dsv
[1.339s] -- Installing: /home/ktel/yeyu_ws_temp/install/yeyu_bringup/share/yeyu_bringup/local_setup.bash
[1.339s] -- Installing: /home/ktel/yeyu_ws_temp/install/yeyu_bringup/share/yeyu_bringup/local_setup.sh
[1.339s] -- Installing: /home/ktel/yeyu_ws_temp/install/yeyu_bringup/share/yeyu_bringup/local_setup.zsh
[1.339s] -- Installing: /home/ktel/yeyu_ws_temp/install/yeyu_bringup/share/yeyu_bringup/local_setup.dsv
[1.339s] -- Installing: /home/ktel/yeyu_ws_temp/install/yeyu_bringup/share/yeyu_bringup/package.dsv
[1.340s] -- Installing: /home/ktel/yeyu_ws_temp/install/yeyu_bringup/share/ament_index/resource_index/packages/yeyu_bringup
[1.340s] -- Installing: /home/ktel/yeyu_ws_temp/install/yeyu_bringup/share/yeyu_bringup/cmake/yeyu_bringupConfig.cmake
[1.340s] -- Installing: /home/ktel/yeyu_ws_temp/install/yeyu_bringup/share/yeyu_bringup/cmake/yeyu_bringupConfig-version.cmake
[1.340s] -- Installing: /home/ktel/yeyu_ws_temp/install/yeyu_bringup/share/yeyu_bringup/package.xml
[1.342s] Invoked command in '/home/ktel/yeyu_ws_temp/build/yeyu_bringup' returned '0': CMAKE_PREFIX_PATH=${CMAKE_PREFIX_PATH}:/home/ktel/pyqt_ws/install/tb3_nav2_pyqt_gui:/home/ktel/pyqt_ws/install/robot_audio_gui:/home/ktel/pyqt_ws/install/pyqt_component_qui:/home/ktel/pyqt_ws/install/pyqt_component_gui:/home/ktel/pyqt_ws/install/YEYU_turtlebot3_pyqt_gui:/home/ktel/ros2_lab_ws/install/topic_practice:/home/ktel/ros2_lab_ws/install/pyqt_ros2_gui:/home/ktel/ros2_study/install/my_first_package:/opt/ros/humble /usr/bin/cmake --install /home/ktel/yeyu_ws_temp/build/yeyu_bringup
