[0.087s] DEBUG:colcon:Command line arguments: ['/usr/bin/colcon', 'build']
[0.088s] DEBUG:colcon:Parsed command line arguments: Namespace(log_base=None, log_level=None, verb_name='build', build_base='build', install_base='install', merge_install=False, symlink_install=False, test_result_base=None, continue_on_error=False, executor='parallel', parallel_workers=8, event_handlers=None, ignore_user_meta=False, metas=['./colcon.meta'], base_paths=['.'], packages_ignore=None, packages_ignore_regex=None, paths=None, packages_up_to=None, packages_up_to_regex=None, packages_above=None, packages_above_and_dependencies=None, packages_above_depth=None, packages_select_by_dep=None, packages_skip_by_dep=None, packages_skip_up_to=None, packages_select_build_failed=False, packages_skip_build_finished=False, packages_select_test_failures=False, packages_skip_test_passed=False, packages_select=None, packages_skip=None, packages_select_regex=None, packages_skip_regex=None, packages_start=None, packages_end=None, allow_overriding=[], cmake_args=None, cmake_target=None, cmake_target_skip_unavailable=False, cmake_clean_cache=False, cmake_clean_first=False, cmake_force_configure=False, ament_cmake_args=None, catkin_cmake_args=None, catkin_skip_building_tests=False, mixin_files=None, mixin=None, verb_parser=<colcon_mixin.mixin.mixin_argument.MixinArgumentDecorator object at 0x7438e6b7f220>, verb_extension=<colcon_core.verb.build.BuildVerb object at 0x7438e6b7ec50>, main=<bound method BuildVerb.main of <colcon_core.verb.build.BuildVerb object at 0x7438e6b7ec50>>, mixin_verb=('build',))
[0.118s] Level 1:colcon.colcon_core.package_discovery:discover_packages(colcon_meta) check parameters
[0.118s] Level 1:colcon.colcon_core.package_discovery:discover_packages(recursive) check parameters
[0.118s] Level 1:colcon.colcon_core.package_discovery:discover_packages(ignore) check parameters
[0.118s] Level 1:colcon.colcon_core.package_discovery:discover_packages(path) check parameters
[0.118s] Level 1:colcon.colcon_core.package_discovery:discover_packages(colcon_meta) discover
[0.118s] Level 1:colcon.colcon_core.package_discovery:discover_packages(recursive) discover
[0.118s] INFO:colcon.colcon_core.package_discovery:Crawling recursively for packages in '/home/ktel/yeyu_ws_temp'
[0.118s] Level 1:colcon.colcon_core.package_identification:_identify(.) by extensions ['ignore', 'ignore_ament_install']
[0.118s] Level 1:colcon.colcon_core.package_identification:_identify(.) by extension 'ignore'
[0.118s] Level 1:colcon.colcon_core.package_identification:_identify(.) by extension 'ignore_ament_install'
[0.118s] Level 1:colcon.colcon_core.package_identification:_identify(.) by extensions ['colcon_pkg']
[0.118s] Level 1:colcon.colcon_core.package_identification:_identify(.) by extension 'colcon_pkg'
[0.118s] Level 1:colcon.colcon_core.package_identification:_identify(.) by extensions ['colcon_meta']
[0.118s] Level 1:colcon.colcon_core.package_identification:_identify(.) by extension 'colcon_meta'
[0.118s] Level 1:colcon.colcon_core.package_identification:_identify(.) by extensions ['ros']
[0.118s] Level 1:colcon.colcon_core.package_identification:_identify(.) by extension 'ros'
[0.128s] Level 1:colcon.colcon_core.package_identification:_identify(.) by extensions ['cmake', 'python']
[0.128s] Level 1:colcon.colcon_core.package_identification:_identify(.) by extension 'cmake'
[0.128s] Level 1:colcon.colcon_core.package_identification:_identify(.) by extension 'python'
[0.129s] Level 1:colcon.colcon_core.package_identification:_identify(.) by extensions ['python_setup_py']
[0.129s] Level 1:colcon.colcon_core.package_identification:_identify(.) by extension 'python_setup_py'
[0.129s] Level 1:colcon.colcon_core.package_identification:_identify(build) by extensions ['ignore', 'ignore_ament_install']
[0.129s] Level 1:colcon.colcon_core.package_identification:_identify(build) by extension 'ignore'
[0.129s] Level 1:colcon.colcon_core.package_identification:_identify(build) ignored
[0.129s] Level 1:colcon.colcon_core.package_identification:_identify(install) by extensions ['ignore', 'ignore_ament_install']
[0.129s] Level 1:colcon.colcon_core.package_identification:_identify(install) by extension 'ignore'
[0.129s] Level 1:colcon.colcon_core.package_identification:_identify(install) ignored
[0.129s] Level 1:colcon.colcon_core.package_identification:_identify(log) by extensions ['ignore', 'ignore_ament_install']
[0.129s] Level 1:colcon.colcon_core.package_identification:_identify(log) by extension 'ignore'
[0.129s] Level 1:colcon.colcon_core.package_identification:_identify(log) ignored
[0.129s] Level 1:colcon.colcon_core.package_identification:_identify(src) by extensions ['ignore', 'ignore_ament_install']
[0.129s] Level 1:colcon.colcon_core.package_identification:_identify(src) by extension 'ignore'
[0.129s] Level 1:colcon.colcon_core.package_identification:_identify(src) by extension 'ignore_ament_install'
[0.129s] Level 1:colcon.colcon_core.package_identification:_identify(src) by extensions ['colcon_pkg']
[0.129s] Level 1:colcon.colcon_core.package_identification:_identify(src) by extension 'colcon_pkg'
[0.129s] Level 1:colcon.colcon_core.package_identification:_identify(src) by extensions ['colcon_meta']
[0.129s] Level 1:colcon.colcon_core.package_identification:_identify(src) by extension 'colcon_meta'
[0.129s] Level 1:colcon.colcon_core.package_identification:_identify(src) by extensions ['ros']
[0.129s] Level 1:colcon.colcon_core.package_identification:_identify(src) by extension 'ros'
[0.129s] Level 1:colcon.colcon_core.package_identification:_identify(src) by extensions ['cmake', 'python']
[0.129s] Level 1:colcon.colcon_core.package_identification:_identify(src) by extension 'cmake'
[0.129s] Level 1:colcon.colcon_core.package_identification:_identify(src) by extension 'python'
[0.129s] Level 1:colcon.colcon_core.package_identification:_identify(src) by extensions ['python_setup_py']
[0.129s] Level 1:colcon.colcon_core.package_identification:_identify(src) by extension 'python_setup_py'
[0.129s] Level 1:colcon.colcon_core.package_identification:_identify(src/yeyu_bringup) by extensions ['ignore', 'ignore_ament_install']
[0.129s] Level 1:colcon.colcon_core.package_identification:_identify(src/yeyu_bringup) by extension 'ignore'
[0.129s] Level 1:colcon.colcon_core.package_identification:_identify(src/yeyu_bringup) by extension 'ignore_ament_install'
[0.129s] Level 1:colcon.colcon_core.package_identification:_identify(src/yeyu_bringup) by extensions ['colcon_pkg']
[0.129s] Level 1:colcon.colcon_core.package_identification:_identify(src/yeyu_bringup) by extension 'colcon_pkg'
[0.129s] Level 1:colcon.colcon_core.package_identification:_identify(src/yeyu_bringup) by extensions ['colcon_meta']
[0.129s] Level 1:colcon.colcon_core.package_identification:_identify(src/yeyu_bringup) by extension 'colcon_meta'
[0.130s] Level 1:colcon.colcon_core.package_identification:_identify(src/yeyu_bringup) by extensions ['ros']
[0.130s] Level 1:colcon.colcon_core.package_identification:_identify(src/yeyu_bringup) by extension 'ros'
[0.131s] DEBUG:colcon.colcon_core.package_identification:Package 'src/yeyu_bringup' with type 'ros.ament_cmake' and name 'yeyu_bringup'
[0.131s] Level 1:colcon.colcon_core.package_identification:_identify(src/yeyu_description) by extensions ['ignore', 'ignore_ament_install']
[0.131s] Level 1:colcon.colcon_core.package_identification:_identify(src/yeyu_description) by extension 'ignore'
[0.131s] Level 1:colcon.colcon_core.package_identification:_identify(src/yeyu_description) by extension 'ignore_ament_install'
[0.131s] Level 1:colcon.colcon_core.package_identification:_identify(src/yeyu_description) by extensions ['colcon_pkg']
[0.131s] Level 1:colcon.colcon_core.package_identification:_identify(src/yeyu_description) by extension 'colcon_pkg'
[0.131s] Level 1:colcon.colcon_core.package_identification:_identify(src/yeyu_description) by extensions ['colcon_meta']
[0.131s] Level 1:colcon.colcon_core.package_identification:_identify(src/yeyu_description) by extension 'colcon_meta'
[0.131s] Level 1:colcon.colcon_core.package_identification:_identify(src/yeyu_description) by extensions ['ros']
[0.131s] Level 1:colcon.colcon_core.package_identification:_identify(src/yeyu_description) by extension 'ros'
[0.132s] DEBUG:colcon.colcon_core.package_identification:Package 'src/yeyu_description' with type 'ros.ament_cmake' and name 'yeyu_description'
[0.132s] Level 1:colcon.colcon_core.package_identification:_identify(src/yeyu_gui) by extensions ['ignore', 'ignore_ament_install']
[0.132s] Level 1:colcon.colcon_core.package_identification:_identify(src/yeyu_gui) by extension 'ignore'
[0.132s] Level 1:colcon.colcon_core.package_identification:_identify(src/yeyu_gui) by extension 'ignore_ament_install'
[0.132s] Level 1:colcon.colcon_core.package_identification:_identify(src/yeyu_gui) by extensions ['colcon_pkg']
[0.132s] Level 1:colcon.colcon_core.package_identification:_identify(src/yeyu_gui) by extension 'colcon_pkg'
[0.132s] Level 1:colcon.colcon_core.package_identification:_identify(src/yeyu_gui) by extensions ['colcon_meta']
[0.132s] Level 1:colcon.colcon_core.package_identification:_identify(src/yeyu_gui) by extension 'colcon_meta'
[0.132s] Level 1:colcon.colcon_core.package_identification:_identify(src/yeyu_gui) by extensions ['ros']
[0.132s] Level 1:colcon.colcon_core.package_identification:_identify(src/yeyu_gui) by extension 'ros'
[0.132s] Level 1:colcon.colcon_core.package_identification:_identify(src/yeyu_gui) by extensions ['cmake', 'python']
[0.132s] Level 1:colcon.colcon_core.package_identification:_identify(src/yeyu_gui) by extension 'cmake'
[0.132s] Level 1:colcon.colcon_core.package_identification:_identify(src/yeyu_gui) by extension 'python'
[0.132s] Level 1:colcon.colcon_core.package_identification:_identify(src/yeyu_gui) by extensions ['python_setup_py']
[0.132s] Level 1:colcon.colcon_core.package_identification:_identify(src/yeyu_gui) by extension 'python_setup_py'
[0.132s] Level 1:colcon.colcon_core.package_identification:_identify(src/yeyu_interfaces) by extensions ['ignore', 'ignore_ament_install']
[0.132s] Level 1:colcon.colcon_core.package_identification:_identify(src/yeyu_interfaces) by extension 'ignore'
[0.132s] Level 1:colcon.colcon_core.package_identification:_identify(src/yeyu_interfaces) by extension 'ignore_ament_install'
[0.133s] Level 1:colcon.colcon_core.package_identification:_identify(src/yeyu_interfaces) by extensions ['colcon_pkg']
[0.133s] Level 1:colcon.colcon_core.package_identification:_identify(src/yeyu_interfaces) by extension 'colcon_pkg'
[0.133s] Level 1:colcon.colcon_core.package_identification:_identify(src/yeyu_interfaces) by extensions ['colcon_meta']
[0.133s] Level 1:colcon.colcon_core.package_identification:_identify(src/yeyu_interfaces) by extension 'colcon_meta'
[0.133s] Level 1:colcon.colcon_core.package_identification:_identify(src/yeyu_interfaces) by extensions ['ros']
[0.133s] Level 1:colcon.colcon_core.package_identification:_identify(src/yeyu_interfaces) by extension 'ros'
[0.133s] Level 1:colcon.colcon_core.package_identification:_identify(src/yeyu_interfaces) by extensions ['cmake', 'python']
[0.133s] Level 1:colcon.colcon_core.package_identification:_identify(src/yeyu_interfaces) by extension 'cmake'
[0.133s] Level 1:colcon.colcon_core.package_identification:_identify(src/yeyu_interfaces) by extension 'python'
[0.133s] Level 1:colcon.colcon_core.package_identification:_identify(src/yeyu_interfaces) by extensions ['python_setup_py']
[0.133s] Level 1:colcon.colcon_core.package_identification:_identify(src/yeyu_interfaces) by extension 'python_setup_py'
[0.133s] Level 1:colcon.colcon_core.package_identification:_identify(src/yeyu_launch) by extensions ['ignore', 'ignore_ament_install']
[0.133s] Level 1:colcon.colcon_core.package_identification:_identify(src/yeyu_launch) by extension 'ignore'
[0.133s] Level 1:colcon.colcon_core.package_identification:_identify(src/yeyu_launch) by extension 'ignore_ament_install'
[0.133s] Level 1:colcon.colcon_core.package_identification:_identify(src/yeyu_launch) by extensions ['colcon_pkg']
[0.133s] Level 1:colcon.colcon_core.package_identification:_identify(src/yeyu_launch) by extension 'colcon_pkg'
[0.133s] Level 1:colcon.colcon_core.package_identification:_identify(src/yeyu_launch) by extensions ['colcon_meta']
[0.133s] Level 1:colcon.colcon_core.package_identification:_identify(src/yeyu_launch) by extension 'colcon_meta'
[0.133s] Level 1:colcon.colcon_core.package_identification:_identify(src/yeyu_launch) by extensions ['ros']
[0.133s] Level 1:colcon.colcon_core.package_identification:_identify(src/yeyu_launch) by extension 'ros'
[0.133s] Level 1:colcon.colcon_core.package_identification:_identify(src/yeyu_launch) by extensions ['cmake', 'python']
[0.133s] Level 1:colcon.colcon_core.package_identification:_identify(src/yeyu_launch) by extension 'cmake'
[0.133s] Level 1:colcon.colcon_core.package_identification:_identify(src/yeyu_launch) by extension 'python'
[0.133s] Level 1:colcon.colcon_core.package_identification:_identify(src/yeyu_launch) by extensions ['python_setup_py']
[0.133s] Level 1:colcon.colcon_core.package_identification:_identify(src/yeyu_launch) by extension 'python_setup_py'
[0.133s] Level 1:colcon.colcon_core.package_identification:_identify(src/yeyu_navigation2) by extensions ['ignore', 'ignore_ament_install']
[0.133s] Level 1:colcon.colcon_core.package_identification:_identify(src/yeyu_navigation2) by extension 'ignore'
[0.133s] Level 1:colcon.colcon_core.package_identification:_identify(src/yeyu_navigation2) by extension 'ignore_ament_install'
[0.133s] Level 1:colcon.colcon_core.package_identification:_identify(src/yeyu_navigation2) by extensions ['colcon_pkg']
[0.133s] Level 1:colcon.colcon_core.package_identification:_identify(src/yeyu_navigation2) by extension 'colcon_pkg'
[0.133s] Level 1:colcon.colcon_core.package_identification:_identify(src/yeyu_navigation2) by extensions ['colcon_meta']
[0.133s] Level 1:colcon.colcon_core.package_identification:_identify(src/yeyu_navigation2) by extension 'colcon_meta'
[0.133s] Level 1:colcon.colcon_core.package_identification:_identify(src/yeyu_navigation2) by extensions ['ros']
[0.133s] Level 1:colcon.colcon_core.package_identification:_identify(src/yeyu_navigation2) by extension 'ros'
[0.134s] DEBUG:colcon.colcon_core.package_identification:Package 'src/yeyu_navigation2' with type 'ros.ament_cmake' and name 'yeyu_navigation2'
[0.134s] Level 1:colcon.colcon_core.package_identification:_identify(src/yeyu_sensors) by extensions ['ignore', 'ignore_ament_install']
[0.134s] Level 1:colcon.colcon_core.package_identification:_identify(src/yeyu_sensors) by extension 'ignore'
[0.134s] Level 1:colcon.colcon_core.package_identification:_identify(src/yeyu_sensors) by extension 'ignore_ament_install'
[0.134s] Level 1:colcon.colcon_core.package_identification:_identify(src/yeyu_sensors) by extensions ['colcon_pkg']
[0.134s] Level 1:colcon.colcon_core.package_identification:_identify(src/yeyu_sensors) by extension 'colcon_pkg'
[0.134s] Level 1:colcon.colcon_core.package_identification:_identify(src/yeyu_sensors) by extensions ['colcon_meta']
[0.134s] Level 1:colcon.colcon_core.package_identification:_identify(src/yeyu_sensors) by extension 'colcon_meta'
[0.134s] Level 1:colcon.colcon_core.package_identification:_identify(src/yeyu_sensors) by extensions ['ros']
[0.134s] Level 1:colcon.colcon_core.package_identification:_identify(src/yeyu_sensors) by extension 'ros'
[0.134s] Level 1:colcon.colcon_core.package_identification:_identify(src/yeyu_sensors) by extensions ['cmake', 'python']
[0.134s] Level 1:colcon.colcon_core.package_identification:_identify(src/yeyu_sensors) by extension 'cmake'
[0.134s] Level 1:colcon.colcon_core.package_identification:_identify(src/yeyu_sensors) by extension 'python'
[0.134s] Level 1:colcon.colcon_core.package_identification:_identify(src/yeyu_sensors) by extensions ['python_setup_py']
[0.134s] Level 1:colcon.colcon_core.package_identification:_identify(src/yeyu_sensors) by extension 'python_setup_py'
[0.134s] Level 1:colcon.colcon_core.package_identification:_identify(src/yeyu_service) by extensions ['ignore', 'ignore_ament_install']
[0.134s] Level 1:colcon.colcon_core.package_identification:_identify(src/yeyu_service) by extension 'ignore'
[0.134s] Level 1:colcon.colcon_core.package_identification:_identify(src/yeyu_service) by extension 'ignore_ament_install'
[0.134s] Level 1:colcon.colcon_core.package_identification:_identify(src/yeyu_service) by extensions ['colcon_pkg']
[0.134s] Level 1:colcon.colcon_core.package_identification:_identify(src/yeyu_service) by extension 'colcon_pkg'
[0.134s] Level 1:colcon.colcon_core.package_identification:_identify(src/yeyu_service) by extensions ['colcon_meta']
[0.134s] Level 1:colcon.colcon_core.package_identification:_identify(src/yeyu_service) by extension 'colcon_meta'
[0.134s] Level 1:colcon.colcon_core.package_identification:_identify(src/yeyu_service) by extensions ['ros']
[0.134s] Level 1:colcon.colcon_core.package_identification:_identify(src/yeyu_service) by extension 'ros'
[0.134s] Level 1:colcon.colcon_core.package_identification:_identify(src/yeyu_service) by extensions ['cmake', 'python']
[0.134s] Level 1:colcon.colcon_core.package_identification:_identify(src/yeyu_service) by extension 'cmake'
[0.134s] Level 1:colcon.colcon_core.package_identification:_identify(src/yeyu_service) by extension 'python'
[0.134s] Level 1:colcon.colcon_core.package_identification:_identify(src/yeyu_service) by extensions ['python_setup_py']
[0.134s] Level 1:colcon.colcon_core.package_identification:_identify(src/yeyu_service) by extension 'python_setup_py'
[0.134s] Level 1:colcon.colcon_core.package_identification:_identify(src/yeyu_vision) by extensions ['ignore', 'ignore_ament_install']
[0.134s] Level 1:colcon.colcon_core.package_identification:_identify(src/yeyu_vision) by extension 'ignore'
[0.134s] Level 1:colcon.colcon_core.package_identification:_identify(src/yeyu_vision) by extension 'ignore_ament_install'
[0.134s] Level 1:colcon.colcon_core.package_identification:_identify(src/yeyu_vision) by extensions ['colcon_pkg']
[0.134s] Level 1:colcon.colcon_core.package_identification:_identify(src/yeyu_vision) by extension 'colcon_pkg'
[0.134s] Level 1:colcon.colcon_core.package_identification:_identify(src/yeyu_vision) by extensions ['colcon_meta']
[0.134s] Level 1:colcon.colcon_core.package_identification:_identify(src/yeyu_vision) by extension 'colcon_meta'
[0.135s] Level 1:colcon.colcon_core.package_identification:_identify(src/yeyu_vision) by extensions ['ros']
[0.135s] Level 1:colcon.colcon_core.package_identification:_identify(src/yeyu_vision) by extension 'ros'
[0.135s] Level 1:colcon.colcon_core.package_identification:_identify(src/yeyu_vision) by extensions ['cmake', 'python']
[0.135s] Level 1:colcon.colcon_core.package_identification:_identify(src/yeyu_vision) by extension 'cmake'
[0.135s] Level 1:colcon.colcon_core.package_identification:_identify(src/yeyu_vision) by extension 'python'
[0.135s] Level 1:colcon.colcon_core.package_identification:_identify(src/yeyu_vision) by extensions ['python_setup_py']
[0.135s] Level 1:colcon.colcon_core.package_identification:_identify(src/yeyu_vision) by extension 'python_setup_py'
[0.135s] Level 1:colcon.colcon_core.package_discovery:discover_packages(recursive) using defaults
[0.135s] Level 1:colcon.colcon_core.package_discovery:discover_packages(ignore) discover
[0.135s] Level 1:colcon.colcon_core.package_discovery:discover_packages(ignore) using defaults
[0.135s] Level 1:colcon.colcon_core.package_discovery:discover_packages(path) discover
[0.135s] Level 1:colcon.colcon_core.package_discovery:discover_packages(path) using defaults
[0.150s] Level 1:colcon.colcon_core.package_discovery:discover_packages(prefix_path) check parameters
[0.150s] Level 1:colcon.colcon_core.package_discovery:discover_packages(prefix_path) discover
[0.152s] DEBUG:colcon.colcon_installed_package_information.package_discovery:Found 3 installed packages in /home/ktel/yeyu_ws_temp/install
[0.152s] DEBUG:colcon.colcon_installed_package_information.package_discovery:Found 6 installed packages in /home/ktel/pyqt_ws/install
[0.153s] DEBUG:colcon.colcon_installed_package_information.package_discovery:Found 3 installed packages in /home/ktel/ros2_lab_ws/install
[0.153s] DEBUG:colcon.colcon_installed_package_information.package_discovery:Found 3 installed packages in /home/ktel/ros2_study/install
[0.154s] DEBUG:colcon.colcon_installed_package_information.package_discovery:Found 397 installed packages in /opt/ros/humble
[0.155s] Level 1:colcon.colcon_core.package_discovery:discover_packages(prefix_path) using defaults
[0.185s] Level 5:colcon.colcon_core.verb:set package 'yeyu_description' build argument 'cmake_args' from command line to 'None'
[0.185s] Level 5:colcon.colcon_core.verb:set package 'yeyu_description' build argument 'cmake_target' from command line to 'None'
[0.185s] Level 5:colcon.colcon_core.verb:set package 'yeyu_description' build argument 'cmake_target_skip_unavailable' from command line to 'False'
[0.185s] Level 5:colcon.colcon_core.verb:set package 'yeyu_description' build argument 'cmake_clean_cache' from command line to 'False'
[0.185s] Level 5:colcon.colcon_core.verb:set package 'yeyu_description' build argument 'cmake_clean_first' from command line to 'False'
[0.185s] Level 5:colcon.colcon_core.verb:set package 'yeyu_description' build argument 'cmake_force_configure' from command line to 'False'
[0.185s] Level 5:colcon.colcon_core.verb:set package 'yeyu_description' build argument 'ament_cmake_args' from command line to 'None'
[0.185s] Level 5:colcon.colcon_core.verb:set package 'yeyu_description' build argument 'catkin_cmake_args' from command line to 'None'
[0.185s] Level 5:colcon.colcon_core.verb:set package 'yeyu_description' build argument 'catkin_skip_building_tests' from command line to 'False'
[0.185s] DEBUG:colcon.colcon_core.verb:Building package 'yeyu_description' with the following arguments: {'ament_cmake_args': None, 'build_base': '/home/ktel/yeyu_ws_temp/build/yeyu_description', 'catkin_cmake_args': None, 'catkin_skip_building_tests': False, 'cmake_args': None, 'cmake_clean_cache': False, 'cmake_clean_first': False, 'cmake_force_configure': False, 'cmake_target': None, 'cmake_target_skip_unavailable': False, 'install_base': '/home/ktel/yeyu_ws_temp/install/yeyu_description', 'merge_install': False, 'path': '/home/ktel/yeyu_ws_temp/src/yeyu_description', 'symlink_install': False, 'test_result_base': None}
[0.185s] Level 5:colcon.colcon_core.verb:set package 'yeyu_navigation2' build argument 'cmake_args' from command line to 'None'
[0.185s] Level 5:colcon.colcon_core.verb:set package 'yeyu_navigation2' build argument 'cmake_target' from command line to 'None'
[0.185s] Level 5:colcon.colcon_core.verb:set package 'yeyu_navigation2' build argument 'cmake_target_skip_unavailable' from command line to 'False'
[0.185s] Level 5:colcon.colcon_core.verb:set package 'yeyu_navigation2' build argument 'cmake_clean_cache' from command line to 'False'
[0.185s] Level 5:colcon.colcon_core.verb:set package 'yeyu_navigation2' build argument 'cmake_clean_first' from command line to 'False'
[0.185s] Level 5:colcon.colcon_core.verb:set package 'yeyu_navigation2' build argument 'cmake_force_configure' from command line to 'False'
[0.185s] Level 5:colcon.colcon_core.verb:set package 'yeyu_navigation2' build argument 'ament_cmake_args' from command line to 'None'
[0.185s] Level 5:colcon.colcon_core.verb:set package 'yeyu_navigation2' build argument 'catkin_cmake_args' from command line to 'None'
[0.185s] Level 5:colcon.colcon_core.verb:set package 'yeyu_navigation2' build argument 'catkin_skip_building_tests' from command line to 'False'
[0.185s] DEBUG:colcon.colcon_core.verb:Building package 'yeyu_navigation2' with the following arguments: {'ament_cmake_args': None, 'build_base': '/home/ktel/yeyu_ws_temp/build/yeyu_navigation2', 'catkin_cmake_args': None, 'catkin_skip_building_tests': False, 'cmake_args': None, 'cmake_clean_cache': False, 'cmake_clean_first': False, 'cmake_force_configure': False, 'cmake_target': None, 'cmake_target_skip_unavailable': False, 'install_base': '/home/ktel/yeyu_ws_temp/install/yeyu_navigation2', 'merge_install': False, 'path': '/home/ktel/yeyu_ws_temp/src/yeyu_navigation2', 'symlink_install': False, 'test_result_base': None}
[0.185s] Level 5:colcon.colcon_core.verb:set package 'yeyu_bringup' build argument 'cmake_args' from command line to 'None'
[0.185s] Level 5:colcon.colcon_core.verb:set package 'yeyu_bringup' build argument 'cmake_target' from command line to 'None'
[0.185s] Level 5:colcon.colcon_core.verb:set package 'yeyu_bringup' build argument 'cmake_target_skip_unavailable' from command line to 'False'
[0.185s] Level 5:colcon.colcon_core.verb:set package 'yeyu_bringup' build argument 'cmake_clean_cache' from command line to 'False'
[0.185s] Level 5:colcon.colcon_core.verb:set package 'yeyu_bringup' build argument 'cmake_clean_first' from command line to 'False'
[0.185s] Level 5:colcon.colcon_core.verb:set package 'yeyu_bringup' build argument 'cmake_force_configure' from command line to 'False'
[0.185s] Level 5:colcon.colcon_core.verb:set package 'yeyu_bringup' build argument 'ament_cmake_args' from command line to 'None'
[0.185s] Level 5:colcon.colcon_core.verb:set package 'yeyu_bringup' build argument 'catkin_cmake_args' from command line to 'None'
[0.185s] Level 5:colcon.colcon_core.verb:set package 'yeyu_bringup' build argument 'catkin_skip_building_tests' from command line to 'False'
[0.185s] DEBUG:colcon.colcon_core.verb:Building package 'yeyu_bringup' with the following arguments: {'ament_cmake_args': None, 'build_base': '/home/ktel/yeyu_ws_temp/build/yeyu_bringup', 'catkin_cmake_args': None, 'catkin_skip_building_tests': False, 'cmake_args': None, 'cmake_clean_cache': False, 'cmake_clean_first': False, 'cmake_force_configure': False, 'cmake_target': None, 'cmake_target_skip_unavailable': False, 'install_base': '/home/ktel/yeyu_ws_temp/install/yeyu_bringup', 'merge_install': False, 'path': '/home/ktel/yeyu_ws_temp/src/yeyu_bringup', 'symlink_install': False, 'test_result_base': None}
[0.185s] INFO:colcon.colcon_core.executor:Executing jobs using 'parallel' executor
[0.189s] DEBUG:colcon.colcon_parallel_executor.executor.parallel:run_until_complete
[0.189s] INFO:colcon.colcon_ros.task.ament_cmake.build:Building ROS package in '/home/ktel/yeyu_ws_temp/src/yeyu_description' with build type 'ament_cmake'
[0.190s] INFO:colcon.colcon_cmake.task.cmake.build:Building CMake package in '/home/ktel/yeyu_ws_temp/src/yeyu_description'
[0.192s] INFO:colcon.colcon_core.plugin_system:Skipping extension 'colcon_core.shell.bat': Not used on non-Windows systems
[0.192s] INFO:colcon.colcon_core.shell:Skip shell extension 'powershell' for command environment: Not usable outside of PowerShell
[0.192s] DEBUG:colcon.colcon_core.shell:Skip shell extension 'dsv' for command environment
[0.196s] INFO:colcon.colcon_ros.task.ament_cmake.build:Building ROS package in '/home/ktel/yeyu_ws_temp/src/yeyu_navigation2' with build type 'ament_cmake'
[0.196s] INFO:colcon.colcon_cmake.task.cmake.build:Building CMake package in '/home/ktel/yeyu_ws_temp/src/yeyu_navigation2'
[0.196s] INFO:colcon.colcon_core.shell:Skip shell extension 'powershell' for command environment: Not usable outside of PowerShell
[0.196s] DEBUG:colcon.colcon_core.shell:Skip shell extension 'dsv' for command environment
[0.216s] DEBUG:colcon.colcon_core.event_handler.log_command:Invoking command in '/home/ktel/yeyu_ws_temp/build/yeyu_description': CMAKE_PREFIX_PATH=${CMAKE_PREFIX_PATH}:/home/ktel/pyqt_ws/install/tb3_nav2_pyqt_gui:/home/ktel/pyqt_ws/install/robot_audio_gui:/home/ktel/pyqt_ws/install/pyqt_component_qui:/home/ktel/pyqt_ws/install/pyqt_component_gui:/home/ktel/pyqt_ws/install/YEYU_turtlebot3_pyqt_gui:/home/ktel/ros2_lab_ws/install/topic_practice:/home/ktel/ros2_lab_ws/install/pyqt_ros2_gui:/home/ktel/ros2_study/install/my_first_package:/opt/ros/humble /usr/bin/cmake --build /home/ktel/yeyu_ws_temp/build/yeyu_description -- -j8 -l8
[0.238s] DEBUG:colcon.colcon_core.event_handler.log_command:Invoking command in '/home/ktel/yeyu_ws_temp/build/yeyu_navigation2': CMAKE_PREFIX_PATH=${CMAKE_PREFIX_PATH}:/home/ktel/pyqt_ws/install/tb3_nav2_pyqt_gui:/home/ktel/pyqt_ws/install/robot_audio_gui:/home/ktel/pyqt_ws/install/pyqt_component_qui:/home/ktel/pyqt_ws/install/pyqt_component_gui:/home/ktel/pyqt_ws/install/YEYU_turtlebot3_pyqt_gui:/home/ktel/ros2_lab_ws/install/topic_practice:/home/ktel/ros2_lab_ws/install/pyqt_ros2_gui:/home/ktel/ros2_study/install/my_first_package:/opt/ros/humble /usr/bin/cmake --build /home/ktel/yeyu_ws_temp/build/yeyu_navigation2 -- -j8 -l8
[0.256s] DEBUG:colcon.colcon_core.event_handler.log_command:Invoked command in '/home/ktel/yeyu_ws_temp/build/yeyu_description' returned '0': CMAKE_PREFIX_PATH=${CMAKE_PREFIX_PATH}:/home/ktel/pyqt_ws/install/tb3_nav2_pyqt_gui:/home/ktel/pyqt_ws/install/robot_audio_gui:/home/ktel/pyqt_ws/install/pyqt_component_qui:/home/ktel/pyqt_ws/install/pyqt_component_gui:/home/ktel/pyqt_ws/install/YEYU_turtlebot3_pyqt_gui:/home/ktel/ros2_lab_ws/install/topic_practice:/home/ktel/ros2_lab_ws/install/pyqt_ros2_gui:/home/ktel/ros2_study/install/my_first_package:/opt/ros/humble /usr/bin/cmake --build /home/ktel/yeyu_ws_temp/build/yeyu_description -- -j8 -l8
[0.268s] DEBUG:colcon.colcon_core.event_handler.log_command:Invoking command in '/home/ktel/yeyu_ws_temp/build/yeyu_description': CMAKE_PREFIX_PATH=${CMAKE_PREFIX_PATH}:/home/ktel/pyqt_ws/install/tb3_nav2_pyqt_gui:/home/ktel/pyqt_ws/install/robot_audio_gui:/home/ktel/pyqt_ws/install/pyqt_component_qui:/home/ktel/pyqt_ws/install/pyqt_component_gui:/home/ktel/pyqt_ws/install/YEYU_turtlebot3_pyqt_gui:/home/ktel/ros2_lab_ws/install/topic_practice:/home/ktel/ros2_lab_ws/install/pyqt_ros2_gui:/home/ktel/ros2_study/install/my_first_package:/opt/ros/humble /usr/bin/cmake --install /home/ktel/yeyu_ws_temp/build/yeyu_description
[0.271s] DEBUG:colcon.colcon_core.event_handler.log_command:Invoked command in '/home/ktel/yeyu_ws_temp/build/yeyu_navigation2' returned '0': CMAKE_PREFIX_PATH=${CMAKE_PREFIX_PATH}:/home/ktel/pyqt_ws/install/tb3_nav2_pyqt_gui:/home/ktel/pyqt_ws/install/robot_audio_gui:/home/ktel/pyqt_ws/install/pyqt_component_qui:/home/ktel/pyqt_ws/install/pyqt_component_gui:/home/ktel/pyqt_ws/install/YEYU_turtlebot3_pyqt_gui:/home/ktel/ros2_lab_ws/install/topic_practice:/home/ktel/ros2_lab_ws/install/pyqt_ros2_gui:/home/ktel/ros2_study/install/my_first_package:/opt/ros/humble /usr/bin/cmake --build /home/ktel/yeyu_ws_temp/build/yeyu_navigation2 -- -j8 -l8
[0.273s] DEBUG:colcon.colcon_core.event_handler.log_command:Invoking command in '/home/ktel/yeyu_ws_temp/build/yeyu_navigation2': CMAKE_PREFIX_PATH=${CMAKE_PREFIX_PATH}:/home/ktel/pyqt_ws/install/tb3_nav2_pyqt_gui:/home/ktel/pyqt_ws/install/robot_audio_gui:/home/ktel/pyqt_ws/install/pyqt_component_qui:/home/ktel/pyqt_ws/install/pyqt_component_gui:/home/ktel/pyqt_ws/install/YEYU_turtlebot3_pyqt_gui:/home/ktel/ros2_lab_ws/install/topic_practice:/home/ktel/ros2_lab_ws/install/pyqt_ros2_gui:/home/ktel/ros2_study/install/my_first_package:/opt/ros/humble /usr/bin/cmake --install /home/ktel/yeyu_ws_temp/build/yeyu_navigation2
[0.288s] Level 1:colcon.colcon_core.environment:create_environment_scripts_only(yeyu_description)
[0.296s] DEBUG:colcon.colcon_core.event_handler.log_command:Invoked command in '/home/ktel/yeyu_ws_temp/build/yeyu_description' returned '0': CMAKE_PREFIX_PATH=${CMAKE_PREFIX_PATH}:/home/ktel/pyqt_ws/install/tb3_nav2_pyqt_gui:/home/ktel/pyqt_ws/install/robot_audio_gui:/home/ktel/pyqt_ws/install/pyqt_component_qui:/home/ktel/pyqt_ws/install/pyqt_component_gui:/home/ktel/pyqt_ws/install/YEYU_turtlebot3_pyqt_gui:/home/ktel/ros2_lab_ws/install/topic_practice:/home/ktel/ros2_lab_ws/install/pyqt_ros2_gui:/home/ktel/ros2_study/install/my_first_package:/opt/ros/humble /usr/bin/cmake --install /home/ktel/yeyu_ws_temp/build/yeyu_description
[0.297s] Level 1:colcon.colcon_core.environment:checking '/home/ktel/yeyu_ws_temp/install/yeyu_description' for CMake module files
[0.297s] Level 1:colcon.colcon_core.environment:checking '/home/ktel/yeyu_ws_temp/install/yeyu_description' for CMake config files
[0.298s] Level 1:colcon.colcon_core.shell:create_environment_hook('yeyu_description', 'cmake_prefix_path')
[0.298s] INFO:colcon.colcon_core.shell:Creating environment hook '/home/ktel/yeyu_ws_temp/install/yeyu_description/share/yeyu_description/hook/cmake_prefix_path.ps1'
[0.299s] INFO:colcon.colcon_core.shell:Creating environment descriptor '/home/ktel/yeyu_ws_temp/install/yeyu_description/share/yeyu_description/hook/cmake_prefix_path.dsv'
[0.299s] INFO:colcon.colcon_core.shell:Creating environment hook '/home/ktel/yeyu_ws_temp/install/yeyu_description/share/yeyu_description/hook/cmake_prefix_path.sh'
[0.300s] Level 1:colcon.colcon_core.environment:checking '/home/ktel/yeyu_ws_temp/install/yeyu_description/bin'
[0.300s] Level 1:colcon.colcon_core.environment:checking '/home/ktel/yeyu_ws_temp/install/yeyu_description/lib/pkgconfig/yeyu_description.pc'
[0.301s] Level 1:colcon.colcon_core.environment:checking '/home/ktel/yeyu_ws_temp/install/yeyu_description/lib/python3.10/site-packages'
[0.301s] Level 1:colcon.colcon_core.environment:checking '/home/ktel/yeyu_ws_temp/install/yeyu_description/bin'
[0.301s] INFO:colcon.colcon_core.shell:Creating package script '/home/ktel/yeyu_ws_temp/install/yeyu_description/share/yeyu_description/package.ps1'
[0.302s] INFO:colcon.colcon_core.shell:Creating package descriptor '/home/ktel/yeyu_ws_temp/install/yeyu_description/share/yeyu_description/package.dsv'
[0.302s] INFO:colcon.colcon_core.shell:Creating package script '/home/ktel/yeyu_ws_temp/install/yeyu_description/share/yeyu_description/package.sh'
[0.303s] INFO:colcon.colcon_core.shell:Creating package script '/home/ktel/yeyu_ws_temp/install/yeyu_description/share/yeyu_description/package.bash'
[0.304s] INFO:colcon.colcon_core.shell:Creating package script '/home/ktel/yeyu_ws_temp/install/yeyu_description/share/yeyu_description/package.zsh'
[0.304s] Level 1:colcon.colcon_core.environment:create_file_with_runtime_dependencies(/home/ktel/yeyu_ws_temp/install/yeyu_description/share/colcon-core/packages/yeyu_description)
[0.305s] Level 1:colcon.colcon_core.environment:create_environment_scripts_only(yeyu_description)
[0.305s] Level 1:colcon.colcon_core.environment:checking '/home/ktel/yeyu_ws_temp/install/yeyu_description' for CMake module files
[0.305s] Level 1:colcon.colcon_core.environment:checking '/home/ktel/yeyu_ws_temp/install/yeyu_description' for CMake config files
[0.306s] Level 1:colcon.colcon_core.shell:create_environment_hook('yeyu_description', 'cmake_prefix_path')
[0.306s] INFO:colcon.colcon_core.shell:Creating environment hook '/home/ktel/yeyu_ws_temp/install/yeyu_description/share/yeyu_description/hook/cmake_prefix_path.ps1'
[0.307s] INFO:colcon.colcon_core.shell:Creating environment descriptor '/home/ktel/yeyu_ws_temp/install/yeyu_description/share/yeyu_description/hook/cmake_prefix_path.dsv'
[0.307s] INFO:colcon.colcon_core.shell:Creating environment hook '/home/ktel/yeyu_ws_temp/install/yeyu_description/share/yeyu_description/hook/cmake_prefix_path.sh'
[0.308s] Level 1:colcon.colcon_core.environment:checking '/home/ktel/yeyu_ws_temp/install/yeyu_description/bin'
[0.308s] Level 1:colcon.colcon_core.environment:checking '/home/ktel/yeyu_ws_temp/install/yeyu_description/lib/pkgconfig/yeyu_description.pc'
[0.308s] Level 1:colcon.colcon_core.environment:checking '/home/ktel/yeyu_ws_temp/install/yeyu_description/lib/python3.10/site-packages'
[0.308s] Level 1:colcon.colcon_core.environment:checking '/home/ktel/yeyu_ws_temp/install/yeyu_description/bin'
[0.309s] INFO:colcon.colcon_core.shell:Creating package script '/home/ktel/yeyu_ws_temp/install/yeyu_description/share/yeyu_description/package.ps1'
[0.309s] INFO:colcon.colcon_core.shell:Creating package descriptor '/home/ktel/yeyu_ws_temp/install/yeyu_description/share/yeyu_description/package.dsv'
[0.310s] INFO:colcon.colcon_core.shell:Creating package script '/home/ktel/yeyu_ws_temp/install/yeyu_description/share/yeyu_description/package.sh'
[0.310s] INFO:colcon.colcon_core.shell:Creating package script '/home/ktel/yeyu_ws_temp/install/yeyu_description/share/yeyu_description/package.bash'
[0.311s] INFO:colcon.colcon_core.shell:Creating package script '/home/ktel/yeyu_ws_temp/install/yeyu_description/share/yeyu_description/package.zsh'
[0.311s] Level 1:colcon.colcon_core.environment:create_file_with_runtime_dependencies(/home/ktel/yeyu_ws_temp/install/yeyu_description/share/colcon-core/packages/yeyu_description)
[0.312s] INFO:colcon.colcon_ros.task.ament_cmake.build:Building ROS package in '/home/ktel/yeyu_ws_temp/src/yeyu_bringup' with build type 'ament_cmake'
[0.312s] INFO:colcon.colcon_cmake.task.cmake.build:Building CMake package in '/home/ktel/yeyu_ws_temp/src/yeyu_bringup'
[0.312s] INFO:colcon.colcon_core.shell:Skip shell extension 'powershell' for command environment: Not usable outside of PowerShell
[0.313s] DEBUG:colcon.colcon_core.shell:Skip shell extension 'dsv' for command environment
[0.319s] Level 1:colcon.colcon_core.environment:create_environment_scripts_only(yeyu_navigation2)
[0.319s] Level 1:colcon.colcon_core.environment:checking '/home/ktel/yeyu_ws_temp/install/yeyu_navigation2' for CMake module files
[0.320s] DEBUG:colcon.colcon_core.event_handler.log_command:Invoked command in '/home/ktel/yeyu_ws_temp/build/yeyu_navigation2' returned '0': CMAKE_PREFIX_PATH=${CMAKE_PREFIX_PATH}:/home/ktel/pyqt_ws/install/tb3_nav2_pyqt_gui:/home/ktel/pyqt_ws/install/robot_audio_gui:/home/ktel/pyqt_ws/install/pyqt_component_qui:/home/ktel/pyqt_ws/install/pyqt_component_gui:/home/ktel/pyqt_ws/install/YEYU_turtlebot3_pyqt_gui:/home/ktel/ros2_lab_ws/install/topic_practice:/home/ktel/ros2_lab_ws/install/pyqt_ros2_gui:/home/ktel/ros2_study/install/my_first_package:/opt/ros/humble /usr/bin/cmake --install /home/ktel/yeyu_ws_temp/build/yeyu_navigation2
[0.320s] Level 1:colcon.colcon_core.environment:checking '/home/ktel/yeyu_ws_temp/install/yeyu_navigation2' for CMake config files
[0.320s] Level 1:colcon.colcon_core.shell:create_environment_hook('yeyu_navigation2', 'cmake_prefix_path')
[0.320s] INFO:colcon.colcon_core.shell:Creating environment hook '/home/ktel/yeyu_ws_temp/install/yeyu_navigation2/share/yeyu_navigation2/hook/cmake_prefix_path.ps1'
[0.321s] INFO:colcon.colcon_core.shell:Creating environment descriptor '/home/ktel/yeyu_ws_temp/install/yeyu_navigation2/share/yeyu_navigation2/hook/cmake_prefix_path.dsv'
[0.321s] INFO:colcon.colcon_core.shell:Creating environment hook '/home/ktel/yeyu_ws_temp/install/yeyu_navigation2/share/yeyu_navigation2/hook/cmake_prefix_path.sh'
[0.322s] Level 1:colcon.colcon_core.environment:checking '/home/ktel/yeyu_ws_temp/install/yeyu_navigation2/bin'
[0.322s] Level 1:colcon.colcon_core.environment:checking '/home/ktel/yeyu_ws_temp/install/yeyu_navigation2/lib/pkgconfig/yeyu_navigation2.pc'
[0.322s] Level 1:colcon.colcon_core.environment:checking '/home/ktel/yeyu_ws_temp/install/yeyu_navigation2/lib/python3.10/site-packages'
[0.323s] Level 1:colcon.colcon_core.environment:checking '/home/ktel/yeyu_ws_temp/install/yeyu_navigation2/bin'
[0.323s] INFO:colcon.colcon_core.shell:Creating package script '/home/ktel/yeyu_ws_temp/install/yeyu_navigation2/share/yeyu_navigation2/package.ps1'
[0.324s] INFO:colcon.colcon_core.shell:Creating package descriptor '/home/ktel/yeyu_ws_temp/install/yeyu_navigation2/share/yeyu_navigation2/package.dsv'
[0.324s] INFO:colcon.colcon_core.shell:Creating package script '/home/ktel/yeyu_ws_temp/install/yeyu_navigation2/share/yeyu_navigation2/package.sh'
[0.325s] INFO:colcon.colcon_core.shell:Creating package script '/home/ktel/yeyu_ws_temp/install/yeyu_navigation2/share/yeyu_navigation2/package.bash'
[0.325s] INFO:colcon.colcon_core.shell:Creating package script '/home/ktel/yeyu_ws_temp/install/yeyu_navigation2/share/yeyu_navigation2/package.zsh'
[0.326s] Level 1:colcon.colcon_core.environment:create_file_with_runtime_dependencies(/home/ktel/yeyu_ws_temp/install/yeyu_navigation2/share/colcon-core/packages/yeyu_navigation2)
[0.326s] Level 1:colcon.colcon_core.environment:create_environment_scripts_only(yeyu_navigation2)
[0.327s] Level 1:colcon.colcon_core.environment:checking '/home/ktel/yeyu_ws_temp/install/yeyu_navigation2' for CMake module files
[0.327s] Level 1:colcon.colcon_core.environment:checking '/home/ktel/yeyu_ws_temp/install/yeyu_navigation2' for CMake config files
[0.327s] Level 1:colcon.colcon_core.shell:create_environment_hook('yeyu_navigation2', 'cmake_prefix_path')
[0.327s] INFO:colcon.colcon_core.shell:Creating environment hook '/home/ktel/yeyu_ws_temp/install/yeyu_navigation2/share/yeyu_navigation2/hook/cmake_prefix_path.ps1'
[0.327s] INFO:colcon.colcon_core.shell:Creating environment descriptor '/home/ktel/yeyu_ws_temp/install/yeyu_navigation2/share/yeyu_navigation2/hook/cmake_prefix_path.dsv'
[0.328s] INFO:colcon.colcon_core.shell:Creating environment hook '/home/ktel/yeyu_ws_temp/install/yeyu_navigation2/share/yeyu_navigation2/hook/cmake_prefix_path.sh'
[0.329s] Level 1:colcon.colcon_core.environment:checking '/home/ktel/yeyu_ws_temp/install/yeyu_navigation2/bin'
[0.329s] Level 1:colcon.colcon_core.environment:checking '/home/ktel/yeyu_ws_temp/install/yeyu_navigation2/lib/pkgconfig/yeyu_navigation2.pc'
[0.329s] Level 1:colcon.colcon_core.environment:checking '/home/ktel/yeyu_ws_temp/install/yeyu_navigation2/lib/python3.10/site-packages'
[0.329s] Level 1:colcon.colcon_core.environment:checking '/home/ktel/yeyu_ws_temp/install/yeyu_navigation2/bin'
[0.329s] INFO:colcon.colcon_core.shell:Creating package script '/home/ktel/yeyu_ws_temp/install/yeyu_navigation2/share/yeyu_navigation2/package.ps1'
[0.330s] INFO:colcon.colcon_core.shell:Creating package descriptor '/home/ktel/yeyu_ws_temp/install/yeyu_navigation2/share/yeyu_navigation2/package.dsv'
[0.330s] INFO:colcon.colcon_core.shell:Creating package script '/home/ktel/yeyu_ws_temp/install/yeyu_navigation2/share/yeyu_navigation2/package.sh'
[0.331s] INFO:colcon.colcon_core.shell:Creating package script '/home/ktel/yeyu_ws_temp/install/yeyu_navigation2/share/yeyu_navigation2/package.bash'
[0.331s] INFO:colcon.colcon_core.shell:Creating package script '/home/ktel/yeyu_ws_temp/install/yeyu_navigation2/share/yeyu_navigation2/package.zsh'
[0.332s] Level 1:colcon.colcon_core.environment:create_file_with_runtime_dependencies(/home/ktel/yeyu_ws_temp/install/yeyu_navigation2/share/colcon-core/packages/yeyu_navigation2)
[0.337s] DEBUG:colcon.colcon_core.event_handler.log_command:Invoking command in '/home/ktel/yeyu_ws_temp/build/yeyu_bringup': CMAKE_PREFIX_PATH=/home/ktel/yeyu_ws_temp/install/yeyu_description:/home/ktel/yeyu_ws_temp/install/yeyu_navigation2:/home/ktel/yeyu_ws_temp/install/yeyu_bringup:/home/ktel/pyqt_ws/install/robot_audio_interfaces:/home/ktel/ros2_lab_ws/install/robot_interfaces:/home/ktel/ros2_study/install/my_cpp_package:/home/ktel/ros2_study/install/my_first_package_msgs:/home/ktel/pyqt_ws/install/tb3_nav2_pyqt_gui:/home/ktel/pyqt_ws/install/robot_audio_gui:/home/ktel/pyqt_ws/install/pyqt_component_qui:/home/ktel/pyqt_ws/install/pyqt_component_gui:/home/ktel/pyqt_ws/install/YEYU_turtlebot3_pyqt_gui:/home/ktel/ros2_lab_ws/install/topic_practice:/home/ktel/ros2_lab_ws/install/pyqt_ros2_gui:/home/ktel/ros2_study/install/my_first_package:/opt/ros/humble /usr/bin/cmake --build /home/ktel/yeyu_ws_temp/build/yeyu_bringup -- -j8 -l8
[0.382s] DEBUG:colcon.colcon_core.event_handler.log_command:Invoked command in '/home/ktel/yeyu_ws_temp/build/yeyu_bringup' returned '0': CMAKE_PREFIX_PATH=/home/ktel/yeyu_ws_temp/install/yeyu_description:/home/ktel/yeyu_ws_temp/install/yeyu_navigation2:/home/ktel/yeyu_ws_temp/install/yeyu_bringup:/home/ktel/pyqt_ws/install/robot_audio_interfaces:/home/ktel/ros2_lab_ws/install/robot_interfaces:/home/ktel/ros2_study/install/my_cpp_package:/home/ktel/ros2_study/install/my_first_package_msgs:/home/ktel/pyqt_ws/install/tb3_nav2_pyqt_gui:/home/ktel/pyqt_ws/install/robot_audio_gui:/home/ktel/pyqt_ws/install/pyqt_component_qui:/home/ktel/pyqt_ws/install/pyqt_component_gui:/home/ktel/pyqt_ws/install/YEYU_turtlebot3_pyqt_gui:/home/ktel/ros2_lab_ws/install/topic_practice:/home/ktel/ros2_lab_ws/install/pyqt_ros2_gui:/home/ktel/ros2_study/install/my_first_package:/opt/ros/humble /usr/bin/cmake --build /home/ktel/yeyu_ws_temp/build/yeyu_bringup -- -j8 -l8
[0.385s] DEBUG:colcon.colcon_core.event_handler.log_command:Invoking command in '/home/ktel/yeyu_ws_temp/build/yeyu_bringup': CMAKE_PREFIX_PATH=/home/ktel/yeyu_ws_temp/install/yeyu_description:/home/ktel/yeyu_ws_temp/install/yeyu_navigation2:/home/ktel/yeyu_ws_temp/install/yeyu_bringup:/home/ktel/pyqt_ws/install/robot_audio_interfaces:/home/ktel/ros2_lab_ws/install/robot_interfaces:/home/ktel/ros2_study/install/my_cpp_package:/home/ktel/ros2_study/install/my_first_package_msgs:/home/ktel/pyqt_ws/install/tb3_nav2_pyqt_gui:/home/ktel/pyqt_ws/install/robot_audio_gui:/home/ktel/pyqt_ws/install/pyqt_component_qui:/home/ktel/pyqt_ws/install/pyqt_component_gui:/home/ktel/pyqt_ws/install/YEYU_turtlebot3_pyqt_gui:/home/ktel/ros2_lab_ws/install/topic_practice:/home/ktel/ros2_lab_ws/install/pyqt_ros2_gui:/home/ktel/ros2_study/install/my_first_package:/opt/ros/humble /usr/bin/cmake --install /home/ktel/yeyu_ws_temp/build/yeyu_bringup
[0.395s] Level 1:colcon.colcon_core.environment:create_environment_scripts_only(yeyu_bringup)
[0.396s] Level 1:colcon.colcon_core.environment:checking '/home/ktel/yeyu_ws_temp/install/yeyu_bringup' for CMake module files
[0.396s] DEBUG:colcon.colcon_core.event_handler.log_command:Invoked command in '/home/ktel/yeyu_ws_temp/build/yeyu_bringup' returned '0': CMAKE_PREFIX_PATH=/home/ktel/yeyu_ws_temp/install/yeyu_description:/home/ktel/yeyu_ws_temp/install/yeyu_navigation2:/home/ktel/yeyu_ws_temp/install/yeyu_bringup:/home/ktel/pyqt_ws/install/robot_audio_interfaces:/home/ktel/ros2_lab_ws/install/robot_interfaces:/home/ktel/ros2_study/install/my_cpp_package:/home/ktel/ros2_study/install/my_first_package_msgs:/home/ktel/pyqt_ws/install/tb3_nav2_pyqt_gui:/home/ktel/pyqt_ws/install/robot_audio_gui:/home/ktel/pyqt_ws/install/pyqt_component_qui:/home/ktel/pyqt_ws/install/pyqt_component_gui:/home/ktel/pyqt_ws/install/YEYU_turtlebot3_pyqt_gui:/home/ktel/ros2_lab_ws/install/topic_practice:/home/ktel/ros2_lab_ws/install/pyqt_ros2_gui:/home/ktel/ros2_study/install/my_first_package:/opt/ros/humble /usr/bin/cmake --install /home/ktel/yeyu_ws_temp/build/yeyu_bringup
[0.397s] Level 1:colcon.colcon_core.environment:checking '/home/ktel/yeyu_ws_temp/install/yeyu_bringup' for CMake config files
[0.397s] Level 1:colcon.colcon_core.shell:create_environment_hook('yeyu_bringup', 'cmake_prefix_path')
[0.397s] INFO:colcon.colcon_core.shell:Creating environment hook '/home/ktel/yeyu_ws_temp/install/yeyu_bringup/share/yeyu_bringup/hook/cmake_prefix_path.ps1'
[0.398s] INFO:colcon.colcon_core.shell:Creating environment descriptor '/home/ktel/yeyu_ws_temp/install/yeyu_bringup/share/yeyu_bringup/hook/cmake_prefix_path.dsv'
[0.398s] INFO:colcon.colcon_core.shell:Creating environment hook '/home/ktel/yeyu_ws_temp/install/yeyu_bringup/share/yeyu_bringup/hook/cmake_prefix_path.sh'
[0.399s] Level 1:colcon.colcon_core.environment:checking '/home/ktel/yeyu_ws_temp/install/yeyu_bringup/bin'
[0.399s] Level 1:colcon.colcon_core.environment:checking '/home/ktel/yeyu_ws_temp/install/yeyu_bringup/lib/pkgconfig/yeyu_bringup.pc'
[0.400s] Level 1:colcon.colcon_core.environment:checking '/home/ktel/yeyu_ws_temp/install/yeyu_bringup/lib/python3.10/site-packages'
[0.400s] Level 1:colcon.colcon_core.environment:checking '/home/ktel/yeyu_ws_temp/install/yeyu_bringup/bin'
[0.400s] INFO:colcon.colcon_core.shell:Creating package script '/home/ktel/yeyu_ws_temp/install/yeyu_bringup/share/yeyu_bringup/package.ps1'
[0.400s] INFO:colcon.colcon_core.shell:Creating package descriptor '/home/ktel/yeyu_ws_temp/install/yeyu_bringup/share/yeyu_bringup/package.dsv'
[0.401s] INFO:colcon.colcon_core.shell:Creating package script '/home/ktel/yeyu_ws_temp/install/yeyu_bringup/share/yeyu_bringup/package.sh'
[0.402s] INFO:colcon.colcon_core.shell:Creating package script '/home/ktel/yeyu_ws_temp/install/yeyu_bringup/share/yeyu_bringup/package.bash'
[0.403s] INFO:colcon.colcon_core.shell:Creating package script '/home/ktel/yeyu_ws_temp/install/yeyu_bringup/share/yeyu_bringup/package.zsh'
[0.404s] Level 1:colcon.colcon_core.environment:create_file_with_runtime_dependencies(/home/ktel/yeyu_ws_temp/install/yeyu_bringup/share/colcon-core/packages/yeyu_bringup)
[0.404s] Level 1:colcon.colcon_core.environment:create_environment_scripts_only(yeyu_bringup)
[0.405s] Level 1:colcon.colcon_core.environment:checking '/home/ktel/yeyu_ws_temp/install/yeyu_bringup' for CMake module files
[0.405s] Level 1:colcon.colcon_core.environment:checking '/home/ktel/yeyu_ws_temp/install/yeyu_bringup' for CMake config files
[0.405s] Level 1:colcon.colcon_core.shell:create_environment_hook('yeyu_bringup', 'cmake_prefix_path')
[0.405s] INFO:colcon.colcon_core.shell:Creating environment hook '/home/ktel/yeyu_ws_temp/install/yeyu_bringup/share/yeyu_bringup/hook/cmake_prefix_path.ps1'
[0.405s] INFO:colcon.colcon_core.shell:Creating environment descriptor '/home/ktel/yeyu_ws_temp/install/yeyu_bringup/share/yeyu_bringup/hook/cmake_prefix_path.dsv'
[0.406s] INFO:colcon.colcon_core.shell:Creating environment hook '/home/ktel/yeyu_ws_temp/install/yeyu_bringup/share/yeyu_bringup/hook/cmake_prefix_path.sh'
[0.407s] Level 1:colcon.colcon_core.environment:checking '/home/ktel/yeyu_ws_temp/install/yeyu_bringup/bin'
[0.407s] Level 1:colcon.colcon_core.environment:checking '/home/ktel/yeyu_ws_temp/install/yeyu_bringup/lib/pkgconfig/yeyu_bringup.pc'
[0.407s] Level 1:colcon.colcon_core.environment:checking '/home/ktel/yeyu_ws_temp/install/yeyu_bringup/lib/python3.10/site-packages'
[0.408s] Level 1:colcon.colcon_core.environment:checking '/home/ktel/yeyu_ws_temp/install/yeyu_bringup/bin'
[0.408s] INFO:colcon.colcon_core.shell:Creating package script '/home/ktel/yeyu_ws_temp/install/yeyu_bringup/share/yeyu_bringup/package.ps1'
[0.409s] INFO:colcon.colcon_core.shell:Creating package descriptor '/home/ktel/yeyu_ws_temp/install/yeyu_bringup/share/yeyu_bringup/package.dsv'
[0.409s] INFO:colcon.colcon_core.shell:Creating package script '/home/ktel/yeyu_ws_temp/install/yeyu_bringup/share/yeyu_bringup/package.sh'
[0.410s] INFO:colcon.colcon_core.shell:Creating package script '/home/ktel/yeyu_ws_temp/install/yeyu_bringup/share/yeyu_bringup/package.bash'
[0.414s] INFO:colcon.colcon_core.shell:Creating package script '/home/ktel/yeyu_ws_temp/install/yeyu_bringup/share/yeyu_bringup/package.zsh'
[0.415s] Level 1:colcon.colcon_core.environment:create_file_with_runtime_dependencies(/home/ktel/yeyu_ws_temp/install/yeyu_bringup/share/colcon-core/packages/yeyu_bringup)
[0.416s] DEBUG:colcon.colcon_parallel_executor.executor.parallel:closing loop
[0.416s] DEBUG:colcon.colcon_parallel_executor.executor.parallel:loop closed
[0.416s] DEBUG:colcon.colcon_parallel_executor.executor.parallel:run_until_complete finished with '0'
[0.416s] DEBUG:colcon.colcon_core.event_reactor:joining thread
[0.422s] INFO:colcon.colcon_core.plugin_system:Skipping extension 'colcon_notification.desktop_notification.terminal_notifier': Not used on non-Darwin systems
[0.422s] INFO:colcon.colcon_core.plugin_system:Skipping extension 'colcon_notification.desktop_notification.win32': Not used on non-Windows systems
[0.422s] INFO:colcon.colcon_notification.desktop_notification:Sending desktop notification using 'notify2'
[0.438s] DEBUG:colcon.colcon_core.event_reactor:joined thread
[0.439s] INFO:colcon.colcon_core.shell:Creating prefix script '/home/ktel/yeyu_ws_temp/install/local_setup.ps1'
[0.440s] INFO:colcon.colcon_core.shell:Creating prefix util module '/home/ktel/yeyu_ws_temp/install/_local_setup_util_ps1.py'
[0.442s] INFO:colcon.colcon_core.shell:Creating prefix chain script '/home/ktel/yeyu_ws_temp/install/setup.ps1'
[0.443s] INFO:colcon.colcon_core.shell:Creating prefix script '/home/ktel/yeyu_ws_temp/install/local_setup.sh'
[0.444s] INFO:colcon.colcon_core.shell:Creating prefix util module '/home/ktel/yeyu_ws_temp/install/_local_setup_util_sh.py'
[0.445s] INFO:colcon.colcon_core.shell:Creating prefix chain script '/home/ktel/yeyu_ws_temp/install/setup.sh'
[0.446s] INFO:colcon.colcon_core.shell:Creating prefix script '/home/ktel/yeyu_ws_temp/install/local_setup.bash'
[0.447s] INFO:colcon.colcon_core.shell:Creating prefix chain script '/home/ktel/yeyu_ws_temp/install/setup.bash'
[0.448s] INFO:colcon.colcon_core.shell:Creating prefix script '/home/ktel/yeyu_ws_temp/install/local_setup.zsh'
[0.449s] INFO:colcon.colcon_core.shell:Creating prefix chain script '/home/ktel/yeyu_ws_temp/install/setup.zsh'
