[0.037s] Invoking command in '/home/ktel/yeyu_ws_temp/build/yeyu_navigation2': CMAKE_PREFIX_PATH=${CMAKE_PREFIX_PATH}:/home/ktel/pyqt_ws/install/tb3_nav2_pyqt_gui:/home/ktel/pyqt_ws/install/robot_audio_gui:/home/ktel/pyqt_ws/install/pyqt_component_qui:/home/ktel/pyqt_ws/install/pyqt_component_gui:/home/ktel/pyqt_ws/install/YEYU_turtlebot3_pyqt_gui:/home/ktel/ros2_lab_ws/install/topic_practice:/home/ktel/ros2_lab_ws/install/pyqt_ros2_gui:/home/ktel/ros2_study/install/my_first_package:/opt/ros/humble /usr/bin/cmake /home/ktel/yeyu_ws_temp/src/yeyu_navigation2 -DCMAKE_INSTALL_PREFIX=/home/ktel/yeyu_ws_temp/install/yeyu_navigation2
[0.225s] -- The C compiler identification is GNU 11.4.0
[0.382s] -- The CXX compiler identification is GNU 11.4.0
[0.402s] -- Detecting C compiler ABI info
[0.509s] -- Detecting C compiler ABI info - done
[0.510s] -- Check for working C compiler: /usr/bin/cc - skipped
[0.510s] -- Detecting C compile features
[0.511s] -- Detecting C compile features - done
[0.517s] -- Detecting CXX compiler ABI info
[0.620s] -- Detecting CXX compiler ABI info - done
[0.626s] -- Check for working CXX compiler: /usr/bin/c++ - skipped
[0.626s] -- Detecting CXX compile features
[0.627s] -- Detecting CXX compile features - done
[0.650s] -- Found ament_cmake: 1.3.14 (/opt/ros/humble/share/ament_cmake/cmake)
[1.028s] -- Found Python3: /usr/bin/python3 (found version "3.10.12") found components: Interpreter 
[1.240s] -- Configuring done
[1.243s] -- Generating done
[1.245s] -- Build files have been written to: /home/ktel/yeyu_ws_temp/build/yeyu_navigation2
[1.260s] Invoked command in '/home/ktel/yeyu_ws_temp/build/yeyu_navigation2' returned '0': CMAKE_PREFIX_PATH=${CMAKE_PREFIX_PATH}:/home/ktel/pyqt_ws/install/tb3_nav2_pyqt_gui:/home/ktel/pyqt_ws/install/robot_audio_gui:/home/ktel/pyqt_ws/install/pyqt_component_qui:/home/ktel/pyqt_ws/install/pyqt_component_gui:/home/ktel/pyqt_ws/install/YEYU_turtlebot3_pyqt_gui:/home/ktel/ros2_lab_ws/install/topic_practice:/home/ktel/ros2_lab_ws/install/pyqt_ros2_gui:/home/ktel/ros2_study/install/my_first_package:/opt/ros/humble /usr/bin/cmake /home/ktel/yeyu_ws_temp/src/yeyu_navigation2 -DCMAKE_INSTALL_PREFIX=/home/ktel/yeyu_ws_temp/install/yeyu_navigation2
[1.260s] Invoking command in '/home/ktel/yeyu_ws_temp/build/yeyu_navigation2': CMAKE_PREFIX_PATH=${CMAKE_PREFIX_PATH}:/home/ktel/pyqt_ws/install/tb3_nav2_pyqt_gui:/home/ktel/pyqt_ws/install/robot_audio_gui:/home/ktel/pyqt_ws/install/pyqt_component_qui:/home/ktel/pyqt_ws/install/pyqt_component_gui:/home/ktel/pyqt_ws/install/YEYU_turtlebot3_pyqt_gui:/home/ktel/ros2_lab_ws/install/topic_practice:/home/ktel/ros2_lab_ws/install/pyqt_ros2_gui:/home/ktel/ros2_study/install/my_first_package:/opt/ros/humble /usr/bin/cmake --build /home/ktel/yeyu_ws_temp/build/yeyu_navigation2 -- -j8 -l8
[1.314s] Invoked command in '/home/ktel/yeyu_ws_temp/build/yeyu_navigation2' returned '0': CMAKE_PREFIX_PATH=${CMAKE_PREFIX_PATH}:/home/ktel/pyqt_ws/install/tb3_nav2_pyqt_gui:/home/ktel/pyqt_ws/install/robot_audio_gui:/home/ktel/pyqt_ws/install/pyqt_component_qui:/home/ktel/pyqt_ws/install/pyqt_component_gui:/home/ktel/pyqt_ws/install/YEYU_turtlebot3_pyqt_gui:/home/ktel/ros2_lab_ws/install/topic_practice:/home/ktel/ros2_lab_ws/install/pyqt_ros2_gui:/home/ktel/ros2_study/install/my_first_package:/opt/ros/humble /usr/bin/cmake --build /home/ktel/yeyu_ws_temp/build/yeyu_navigation2 -- -j8 -l8
[1.318s] Invoking command in '/home/ktel/yeyu_ws_temp/build/yeyu_navigation2': CMAKE_PREFIX_PATH=${CMAKE_PREFIX_PATH}:/home/ktel/pyqt_ws/install/tb3_nav2_pyqt_gui:/home/ktel/pyqt_ws/install/robot_audio_gui:/home/ktel/pyqt_ws/install/pyqt_component_qui:/home/ktel/pyqt_ws/install/pyqt_component_gui:/home/ktel/pyqt_ws/install/YEYU_turtlebot3_pyqt_gui:/home/ktel/ros2_lab_ws/install/topic_practice:/home/ktel/ros2_lab_ws/install/pyqt_ros2_gui:/home/ktel/ros2_study/install/my_first_package:/opt/ros/humble /usr/bin/cmake --install /home/ktel/yeyu_ws_temp/build/yeyu_navigation2
[1.329s] -- Install configuration: ""
[1.329s] -- Installing: /home/ktel/yeyu_ws_temp/install/yeyu_navigation2/share/yeyu_navigation2/launch
[1.329s] -- Installing: /home/ktel/yeyu_ws_temp/install/yeyu_navigation2/share/yeyu_navigation2/launch/navigation2.launch.py
[1.329s] -- Installing: /home/ktel/yeyu_ws_temp/install/yeyu_navigation2/share/yeyu_navigation2/map
[1.329s] -- Installing: /home/ktel/yeyu_ws_temp/install/yeyu_navigation2/share/yeyu_navigation2/map/map.pgm
[1.329s] -- Installing: /home/ktel/yeyu_ws_temp/install/yeyu_navigation2/share/yeyu_navigation2/map/map.yaml
[1.329s] -- Installing: /home/ktel/yeyu_ws_temp/install/yeyu_navigation2/share/yeyu_navigation2/param
[1.329s] -- Installing: /home/ktel/yeyu_ws_temp/install/yeyu_navigation2/share/yeyu_navigation2/param/humble
[1.329s] -- Installing: /home/ktel/yeyu_ws_temp/install/yeyu_navigation2/share/yeyu_navigation2/param/humble/burger_cam.yaml
[1.329s] -- Installing: /home/ktel/yeyu_ws_temp/install/yeyu_navigation2/share/yeyu_navigation2/param/humble/waffle.yaml
[1.329s] -- Installing: /home/ktel/yeyu_ws_temp/install/yeyu_navigation2/share/yeyu_navigation2/param/humble/burger.yaml
[1.329s] -- Installing: /home/ktel/yeyu_ws_temp/install/yeyu_navigation2/share/yeyu_navigation2/param/humble/waffle_pi.yaml
[1.329s] -- Installing: /home/ktel/yeyu_ws_temp/install/yeyu_navigation2/share/yeyu_navigation2/param/burger_cam.yaml
[1.329s] -- Installing: /home/ktel/yeyu_ws_temp/install/yeyu_navigation2/share/yeyu_navigation2/param/waffle.yaml
[1.329s] -- Installing: /home/ktel/yeyu_ws_temp/install/yeyu_navigation2/share/yeyu_navigation2/param/burger.yaml
[1.329s] -- Installing: /home/ktel/yeyu_ws_temp/install/yeyu_navigation2/share/yeyu_navigation2/param/waffle_pi.yaml
[1.329s] -- Installing: /home/ktel/yeyu_ws_temp/install/yeyu_navigation2/share/yeyu_navigation2/rviz
[1.329s] -- Installing: /home/ktel/yeyu_ws_temp/install/yeyu_navigation2/share/yeyu_navigation2/rviz/tb3_navigation2.rviz
[1.329s] -- Installing: /home/ktel/yeyu_ws_temp/install/yeyu_navigation2/share/ament_index/resource_index/package_run_dependencies/yeyu_navigation2
[1.329s] -- Installing: /home/ktel/yeyu_ws_temp/install/yeyu_navigation2/share/ament_index/resource_index/parent_prefix_path/yeyu_navigation2
[1.329s] -- Installing: /home/ktel/yeyu_ws_temp/install/yeyu_navigation2/share/yeyu_navigation2/environment/ament_prefix_path.sh
[1.331s] -- Installing: /home/ktel/yeyu_ws_temp/install/yeyu_navigation2/share/yeyu_navigation2/environment/ament_prefix_path.dsv
[1.331s] -- Installing: /home/ktel/yeyu_ws_temp/install/yeyu_navigation2/share/yeyu_navigation2/environment/path.sh
[1.331s] -- Installing: /home/ktel/yeyu_ws_temp/install/yeyu_navigation2/share/yeyu_navigation2/environment/path.dsv
[1.331s] -- Installing: /home/ktel/yeyu_ws_temp/install/yeyu_navigation2/share/yeyu_navigation2/local_setup.bash
[1.331s] -- Installing: /home/ktel/yeyu_ws_temp/install/yeyu_navigation2/share/yeyu_navigation2/local_setup.sh
[1.332s] -- Installing: /home/ktel/yeyu_ws_temp/install/yeyu_navigation2/share/yeyu_navigation2/local_setup.zsh
[1.332s] -- Installing: /home/ktel/yeyu_ws_temp/install/yeyu_navigation2/share/yeyu_navigation2/local_setup.dsv
[1.332s] -- Installing: /home/ktel/yeyu_ws_temp/install/yeyu_navigation2/share/yeyu_navigation2/package.dsv
[1.332s] -- Installing: /home/ktel/yeyu_ws_temp/install/yeyu_navigation2/share/ament_index/resource_index/packages/yeyu_navigation2
[1.332s] -- Installing: /home/ktel/yeyu_ws_temp/install/yeyu_navigation2/share/yeyu_navigation2/cmake/yeyu_navigation2Config.cmake
[1.332s] -- Installing: /home/ktel/yeyu_ws_temp/install/yeyu_navigation2/share/yeyu_navigation2/cmake/yeyu_navigation2Config-version.cmake
[1.332s] -- Installing: /home/ktel/yeyu_ws_temp/install/yeyu_navigation2/share/yeyu_navigation2/package.xml
[1.360s] Invoked command in '/home/ktel/yeyu_ws_temp/build/yeyu_navigation2' returned '0': CMAKE_PREFIX_PATH=${CMAKE_PREFIX_PATH}:/home/ktel/pyqt_ws/install/tb3_nav2_pyqt_gui:/home/ktel/pyqt_ws/install/robot_audio_gui:/home/ktel/pyqt_ws/install/pyqt_component_qui:/home/ktel/pyqt_ws/install/pyqt_component_gui:/home/ktel/pyqt_ws/install/YEYU_turtlebot3_pyqt_gui:/home/ktel/ros2_lab_ws/install/topic_practice:/home/ktel/ros2_lab_ws/install/pyqt_ros2_gui:/home/ktel/ros2_study/install/my_first_package:/opt/ros/humble /usr/bin/cmake --install /home/ktel/yeyu_ws_temp/build/yeyu_navigation2
