[0.174s] DEBUG:colcon:Command line arguments: ['/usr/bin/colcon', 'build']
[0.174s] DEBUG:colcon:Parsed command line arguments: Namespace(log_base=None, log_level=None, verb_name='build', build_base='build', install_base='install', merge_install=False, symlink_install=False, test_result_base=None, continue_on_error=False, executor='parallel', parallel_workers=8, event_handlers=None, ignore_user_meta=False, metas=['./colcon.meta'], base_paths=['.'], packages_ignore=None, packages_ignore_regex=None, paths=None, packages_up_to=None, packages_up_to_regex=None, packages_above=None, packages_above_and_dependencies=None, packages_above_depth=None, packages_select_by_dep=None, packages_skip_by_dep=None, packages_skip_up_to=None, packages_select_build_failed=False, packages_skip_build_finished=False, packages_select_test_failures=False, packages_skip_test_passed=False, packages_select=None, packages_skip=None, packages_select_regex=None, packages_skip_regex=None, packages_start=None, packages_end=None, allow_overriding=[], cmake_args=None, cmake_target=None, cmake_target_skip_unavailable=False, cmake_clean_cache=False, cmake_clean_first=False, cmake_force_configure=False, ament_cmake_args=None, catkin_cmake_args=None, catkin_skip_building_tests=False, mixin_files=None, mixin=None, verb_parser=<colcon_mixin.mixin.mixin_argument.MixinArgumentDecorator object at 0x7aa675483220>, verb_extension=<colcon_core.verb.build.BuildVerb object at 0x7aa675482c50>, main=<bound method BuildVerb.main of <colcon_core.verb.build.BuildVerb object at 0x7aa675482c50>>, mixin_verb=('build',))
[0.207s] Level 1:colcon.colcon_core.package_discovery:discover_packages(colcon_meta) check parameters
[0.207s] Level 1:colcon.colcon_core.package_discovery:discover_packages(recursive) check parameters
[0.207s] Level 1:colcon.colcon_core.package_discovery:discover_packages(ignore) check parameters
[0.207s] Level 1:colcon.colcon_core.package_discovery:discover_packages(path) check parameters
[0.207s] Level 1:colcon.colcon_core.package_discovery:discover_packages(colcon_meta) discover
[0.208s] Level 1:colcon.colcon_core.package_discovery:discover_packages(recursive) discover
[0.208s] INFO:colcon.colcon_core.package_discovery:Crawling recursively for packages in '/home/ktel/yeyu_ws_temp'
[0.208s] Level 1:colcon.colcon_core.package_identification:_identify(.) by extensions ['ignore', 'ignore_ament_install']
[0.208s] Level 1:colcon.colcon_core.package_identification:_identify(.) by extension 'ignore'
[0.208s] Level 1:colcon.colcon_core.package_identification:_identify(.) by extension 'ignore_ament_install'
[0.208s] Level 1:colcon.colcon_core.package_identification:_identify(.) by extensions ['colcon_pkg']
[0.208s] Level 1:colcon.colcon_core.package_identification:_identify(.) by extension 'colcon_pkg'
[0.208s] Level 1:colcon.colcon_core.package_identification:_identify(.) by extensions ['colcon_meta']
[0.208s] Level 1:colcon.colcon_core.package_identification:_identify(.) by extension 'colcon_meta'
[0.208s] Level 1:colcon.colcon_core.package_identification:_identify(.) by extensions ['ros']
[0.208s] Level 1:colcon.colcon_core.package_identification:_identify(.) by extension 'ros'
[0.218s] Level 1:colcon.colcon_core.package_identification:_identify(.) by extensions ['cmake', 'python']
[0.218s] Level 1:colcon.colcon_core.package_identification:_identify(.) by extension 'cmake'
[0.218s] Level 1:colcon.colcon_core.package_identification:_identify(.) by extension 'python'
[0.218s] Level 1:colcon.colcon_core.package_identification:_identify(.) by extensions ['python_setup_py']
[0.218s] Level 1:colcon.colcon_core.package_identification:_identify(.) by extension 'python_setup_py'
[0.218s] Level 1:colcon.colcon_core.package_identification:_identify(build) by extensions ['ignore', 'ignore_ament_install']
[0.218s] Level 1:colcon.colcon_core.package_identification:_identify(build) by extension 'ignore'
[0.218s] Level 1:colcon.colcon_core.package_identification:_identify(build) ignored
[0.218s] Level 1:colcon.colcon_core.package_identification:_identify(install) by extensions ['ignore', 'ignore_ament_install']
[0.218s] Level 1:colcon.colcon_core.package_identification:_identify(install) by extension 'ignore'
[0.218s] Level 1:colcon.colcon_core.package_identification:_identify(install) ignored
[0.219s] Level 1:colcon.colcon_core.package_identification:_identify(log) by extensions ['ignore', 'ignore_ament_install']
[0.219s] Level 1:colcon.colcon_core.package_identification:_identify(log) by extension 'ignore'
[0.219s] Level 1:colcon.colcon_core.package_identification:_identify(log) ignored
[0.219s] Level 1:colcon.colcon_core.package_identification:_identify(src) by extensions ['ignore', 'ignore_ament_install']
[0.219s] Level 1:colcon.colcon_core.package_identification:_identify(src) by extension 'ignore'
[0.219s] Level 1:colcon.colcon_core.package_identification:_identify(src) by extension 'ignore_ament_install'
[0.219s] Level 1:colcon.colcon_core.package_identification:_identify(src) by extensions ['colcon_pkg']
[0.219s] Level 1:colcon.colcon_core.package_identification:_identify(src) by extension 'colcon_pkg'
[0.219s] Level 1:colcon.colcon_core.package_identification:_identify(src) by extensions ['colcon_meta']
[0.219s] Level 1:colcon.colcon_core.package_identification:_identify(src) by extension 'colcon_meta'
[0.219s] Level 1:colcon.colcon_core.package_identification:_identify(src) by extensions ['ros']
[0.219s] Level 1:colcon.colcon_core.package_identification:_identify(src) by extension 'ros'
[0.219s] Level 1:colcon.colcon_core.package_identification:_identify(src) by extensions ['cmake', 'python']
[0.219s] Level 1:colcon.colcon_core.package_identification:_identify(src) by extension 'cmake'
[0.219s] Level 1:colcon.colcon_core.package_identification:_identify(src) by extension 'python'
[0.219s] Level 1:colcon.colcon_core.package_identification:_identify(src) by extensions ['python_setup_py']
[0.219s] Level 1:colcon.colcon_core.package_identification:_identify(src) by extension 'python_setup_py'
[0.219s] Level 1:colcon.colcon_core.package_identification:_identify(src/yeyu_bringup) by extensions ['ignore', 'ignore_ament_install']
[0.219s] Level 1:colcon.colcon_core.package_identification:_identify(src/yeyu_bringup) by extension 'ignore'
[0.219s] Level 1:colcon.colcon_core.package_identification:_identify(src/yeyu_bringup) by extension 'ignore_ament_install'
[0.219s] Level 1:colcon.colcon_core.package_identification:_identify(src/yeyu_bringup) by extensions ['colcon_pkg']
[0.219s] Level 1:colcon.colcon_core.package_identification:_identify(src/yeyu_bringup) by extension 'colcon_pkg'
[0.219s] Level 1:colcon.colcon_core.package_identification:_identify(src/yeyu_bringup) by extensions ['colcon_meta']
[0.219s] Level 1:colcon.colcon_core.package_identification:_identify(src/yeyu_bringup) by extension 'colcon_meta'
[0.219s] Level 1:colcon.colcon_core.package_identification:_identify(src/yeyu_bringup) by extensions ['ros']
[0.219s] Level 1:colcon.colcon_core.package_identification:_identify(src/yeyu_bringup) by extension 'ros'
[0.221s] DEBUG:colcon.colcon_core.package_identification:Package 'src/yeyu_bringup' with type 'ros.ament_cmake' and name 'yeyu_bringup'
[0.221s] Level 1:colcon.colcon_core.package_identification:_identify(src/yeyu_description) by extensions ['ignore', 'ignore_ament_install']
[0.221s] Level 1:colcon.colcon_core.package_identification:_identify(src/yeyu_description) by extension 'ignore'
[0.221s] Level 1:colcon.colcon_core.package_identification:_identify(src/yeyu_description) by extension 'ignore_ament_install'
[0.221s] Level 1:colcon.colcon_core.package_identification:_identify(src/yeyu_description) by extensions ['colcon_pkg']
[0.221s] Level 1:colcon.colcon_core.package_identification:_identify(src/yeyu_description) by extension 'colcon_pkg'
[0.221s] Level 1:colcon.colcon_core.package_identification:_identify(src/yeyu_description) by extensions ['colcon_meta']
[0.221s] Level 1:colcon.colcon_core.package_identification:_identify(src/yeyu_description) by extension 'colcon_meta'
[0.221s] Level 1:colcon.colcon_core.package_identification:_identify(src/yeyu_description) by extensions ['ros']
[0.221s] Level 1:colcon.colcon_core.package_identification:_identify(src/yeyu_description) by extension 'ros'
[0.222s] DEBUG:colcon.colcon_core.package_identification:Package 'src/yeyu_description' with type 'ros.ament_cmake' and name 'yeyu_description'
[0.222s] Level 1:colcon.colcon_core.package_identification:_identify(src/yeyu_gui) by extensions ['ignore', 'ignore_ament_install']
[0.222s] Level 1:colcon.colcon_core.package_identification:_identify(src/yeyu_gui) by extension 'ignore'
[0.222s] Level 1:colcon.colcon_core.package_identification:_identify(src/yeyu_gui) by extension 'ignore_ament_install'
[0.222s] Level 1:colcon.colcon_core.package_identification:_identify(src/yeyu_gui) by extensions ['colcon_pkg']
[0.222s] Level 1:colcon.colcon_core.package_identification:_identify(src/yeyu_gui) by extension 'colcon_pkg'
[0.222s] Level 1:colcon.colcon_core.package_identification:_identify(src/yeyu_gui) by extensions ['colcon_meta']
[0.222s] Level 1:colcon.colcon_core.package_identification:_identify(src/yeyu_gui) by extension 'colcon_meta'
[0.222s] Level 1:colcon.colcon_core.package_identification:_identify(src/yeyu_gui) by extensions ['ros']
[0.222s] Level 1:colcon.colcon_core.package_identification:_identify(src/yeyu_gui) by extension 'ros'
[0.222s] Level 1:colcon.colcon_core.package_identification:_identify(src/yeyu_gui) by extensions ['cmake', 'python']
[0.222s] Level 1:colcon.colcon_core.package_identification:_identify(src/yeyu_gui) by extension 'cmake'
[0.222s] Level 1:colcon.colcon_core.package_identification:_identify(src/yeyu_gui) by extension 'python'
[0.222s] Level 1:colcon.colcon_core.package_identification:_identify(src/yeyu_gui) by extensions ['python_setup_py']
[0.222s] Level 1:colcon.colcon_core.package_identification:_identify(src/yeyu_gui) by extension 'python_setup_py'
[0.222s] Level 1:colcon.colcon_core.package_identification:_identify(src/yeyu_interfaces) by extensions ['ignore', 'ignore_ament_install']
[0.222s] Level 1:colcon.colcon_core.package_identification:_identify(src/yeyu_interfaces) by extension 'ignore'
[0.222s] Level 1:colcon.colcon_core.package_identification:_identify(src/yeyu_interfaces) by extension 'ignore_ament_install'
[0.222s] Level 1:colcon.colcon_core.package_identification:_identify(src/yeyu_interfaces) by extensions ['colcon_pkg']
[0.222s] Level 1:colcon.colcon_core.package_identification:_identify(src/yeyu_interfaces) by extension 'colcon_pkg'
[0.222s] Level 1:colcon.colcon_core.package_identification:_identify(src/yeyu_interfaces) by extensions ['colcon_meta']
[0.222s] Level 1:colcon.colcon_core.package_identification:_identify(src/yeyu_interfaces) by extension 'colcon_meta'
[0.222s] Level 1:colcon.colcon_core.package_identification:_identify(src/yeyu_interfaces) by extensions ['ros']
[0.222s] Level 1:colcon.colcon_core.package_identification:_identify(src/yeyu_interfaces) by extension 'ros'
[0.222s] Level 1:colcon.colcon_core.package_identification:_identify(src/yeyu_interfaces) by extensions ['cmake', 'python']
[0.222s] Level 1:colcon.colcon_core.package_identification:_identify(src/yeyu_interfaces) by extension 'cmake'
[0.222s] Level 1:colcon.colcon_core.package_identification:_identify(src/yeyu_interfaces) by extension 'python'
[0.222s] Level 1:colcon.colcon_core.package_identification:_identify(src/yeyu_interfaces) by extensions ['python_setup_py']
[0.222s] Level 1:colcon.colcon_core.package_identification:_identify(src/yeyu_interfaces) by extension 'python_setup_py'
[0.222s] Level 1:colcon.colcon_core.package_identification:_identify(src/yeyu_launch) by extensions ['ignore', 'ignore_ament_install']
[0.222s] Level 1:colcon.colcon_core.package_identification:_identify(src/yeyu_launch) by extension 'ignore'
[0.222s] Level 1:colcon.colcon_core.package_identification:_identify(src/yeyu_launch) by extension 'ignore_ament_install'
[0.222s] Level 1:colcon.colcon_core.package_identification:_identify(src/yeyu_launch) by extensions ['colcon_pkg']
[0.222s] Level 1:colcon.colcon_core.package_identification:_identify(src/yeyu_launch) by extension 'colcon_pkg'
[0.223s] Level 1:colcon.colcon_core.package_identification:_identify(src/yeyu_launch) by extensions ['colcon_meta']
[0.223s] Level 1:colcon.colcon_core.package_identification:_identify(src/yeyu_launch) by extension 'colcon_meta'
[0.223s] Level 1:colcon.colcon_core.package_identification:_identify(src/yeyu_launch) by extensions ['ros']
[0.223s] Level 1:colcon.colcon_core.package_identification:_identify(src/yeyu_launch) by extension 'ros'
[0.223s] Level 1:colcon.colcon_core.package_identification:_identify(src/yeyu_launch) by extensions ['cmake', 'python']
[0.223s] Level 1:colcon.colcon_core.package_identification:_identify(src/yeyu_launch) by extension 'cmake'
[0.223s] Level 1:colcon.colcon_core.package_identification:_identify(src/yeyu_launch) by extension 'python'
[0.223s] Level 1:colcon.colcon_core.package_identification:_identify(src/yeyu_launch) by extensions ['python_setup_py']
[0.223s] Level 1:colcon.colcon_core.package_identification:_identify(src/yeyu_launch) by extension 'python_setup_py'
[0.223s] Level 1:colcon.colcon_core.package_identification:_identify(src/yeyu_navigation2) by extensions ['ignore', 'ignore_ament_install']
[0.223s] Level 1:colcon.colcon_core.package_identification:_identify(src/yeyu_navigation2) by extension 'ignore'
[0.223s] Level 1:colcon.colcon_core.package_identification:_identify(src/yeyu_navigation2) by extension 'ignore_ament_install'
[0.223s] Level 1:colcon.colcon_core.package_identification:_identify(src/yeyu_navigation2) by extensions ['colcon_pkg']
[0.223s] Level 1:colcon.colcon_core.package_identification:_identify(src/yeyu_navigation2) by extension 'colcon_pkg'
[0.223s] Level 1:colcon.colcon_core.package_identification:_identify(src/yeyu_navigation2) by extensions ['colcon_meta']
[0.223s] Level 1:colcon.colcon_core.package_identification:_identify(src/yeyu_navigation2) by extension 'colcon_meta'
[0.223s] Level 1:colcon.colcon_core.package_identification:_identify(src/yeyu_navigation2) by extensions ['ros']
[0.223s] Level 1:colcon.colcon_core.package_identification:_identify(src/yeyu_navigation2) by extension 'ros'
[0.223s] DEBUG:colcon.colcon_core.package_identification:Package 'src/yeyu_navigation2' with type 'ros.ament_cmake' and name 'yeyu_navigation2'
[0.223s] Level 1:colcon.colcon_core.package_identification:_identify(src/yeyu_sensors) by extensions ['ignore', 'ignore_ament_install']
[0.223s] Level 1:colcon.colcon_core.package_identification:_identify(src/yeyu_sensors) by extension 'ignore'
[0.223s] Level 1:colcon.colcon_core.package_identification:_identify(src/yeyu_sensors) by extension 'ignore_ament_install'
[0.224s] Level 1:colcon.colcon_core.package_identification:_identify(src/yeyu_sensors) by extensions ['colcon_pkg']
[0.224s] Level 1:colcon.colcon_core.package_identification:_identify(src/yeyu_sensors) by extension 'colcon_pkg'
[0.224s] Level 1:colcon.colcon_core.package_identification:_identify(src/yeyu_sensors) by extensions ['colcon_meta']
[0.224s] Level 1:colcon.colcon_core.package_identification:_identify(src/yeyu_sensors) by extension 'colcon_meta'
[0.224s] Level 1:colcon.colcon_core.package_identification:_identify(src/yeyu_sensors) by extensions ['ros']
[0.224s] Level 1:colcon.colcon_core.package_identification:_identify(src/yeyu_sensors) by extension 'ros'
[0.224s] Level 1:colcon.colcon_core.package_identification:_identify(src/yeyu_sensors) by extensions ['cmake', 'python']
[0.224s] Level 1:colcon.colcon_core.package_identification:_identify(src/yeyu_sensors) by extension 'cmake'
[0.224s] Level 1:colcon.colcon_core.package_identification:_identify(src/yeyu_sensors) by extension 'python'
[0.224s] Level 1:colcon.colcon_core.package_identification:_identify(src/yeyu_sensors) by extensions ['python_setup_py']
[0.224s] Level 1:colcon.colcon_core.package_identification:_identify(src/yeyu_sensors) by extension 'python_setup_py'
[0.224s] Level 1:colcon.colcon_core.package_identification:_identify(src/yeyu_service) by extensions ['ignore', 'ignore_ament_install']
[0.224s] Level 1:colcon.colcon_core.package_identification:_identify(src/yeyu_service) by extension 'ignore'
[0.224s] Level 1:colcon.colcon_core.package_identification:_identify(src/yeyu_service) by extension 'ignore_ament_install'
[0.224s] Level 1:colcon.colcon_core.package_identification:_identify(src/yeyu_service) by extensions ['colcon_pkg']
[0.224s] Level 1:colcon.colcon_core.package_identification:_identify(src/yeyu_service) by extension 'colcon_pkg'
[0.224s] Level 1:colcon.colcon_core.package_identification:_identify(src/yeyu_service) by extensions ['colcon_meta']
[0.224s] Level 1:colcon.colcon_core.package_identification:_identify(src/yeyu_service) by extension 'colcon_meta'
[0.224s] Level 1:colcon.colcon_core.package_identification:_identify(src/yeyu_service) by extensions ['ros']
[0.224s] Level 1:colcon.colcon_core.package_identification:_identify(src/yeyu_service) by extension 'ros'
[0.224s] Level 1:colcon.colcon_core.package_identification:_identify(src/yeyu_service) by extensions ['cmake', 'python']
[0.224s] Level 1:colcon.colcon_core.package_identification:_identify(src/yeyu_service) by extension 'cmake'
[0.224s] Level 1:colcon.colcon_core.package_identification:_identify(src/yeyu_service) by extension 'python'
[0.224s] Level 1:colcon.colcon_core.package_identification:_identify(src/yeyu_service) by extensions ['python_setup_py']
[0.224s] Level 1:colcon.colcon_core.package_identification:_identify(src/yeyu_service) by extension 'python_setup_py'
[0.224s] Level 1:colcon.colcon_core.package_identification:_identify(src/yeyu_vision) by extensions ['ignore', 'ignore_ament_install']
[0.224s] Level 1:colcon.colcon_core.package_identification:_identify(src/yeyu_vision) by extension 'ignore'
[0.224s] Level 1:colcon.colcon_core.package_identification:_identify(src/yeyu_vision) by extension 'ignore_ament_install'
[0.224s] Level 1:colcon.colcon_core.package_identification:_identify(src/yeyu_vision) by extensions ['colcon_pkg']
[0.224s] Level 1:colcon.colcon_core.package_identification:_identify(src/yeyu_vision) by extension 'colcon_pkg'
[0.224s] Level 1:colcon.colcon_core.package_identification:_identify(src/yeyu_vision) by extensions ['colcon_meta']
[0.224s] Level 1:colcon.colcon_core.package_identification:_identify(src/yeyu_vision) by extension 'colcon_meta'
[0.224s] Level 1:colcon.colcon_core.package_identification:_identify(src/yeyu_vision) by extensions ['ros']
[0.224s] Level 1:colcon.colcon_core.package_identification:_identify(src/yeyu_vision) by extension 'ros'
[0.224s] Level 1:colcon.colcon_core.package_identification:_identify(src/yeyu_vision) by extensions ['cmake', 'python']
[0.224s] Level 1:colcon.colcon_core.package_identification:_identify(src/yeyu_vision) by extension 'cmake'
[0.224s] Level 1:colcon.colcon_core.package_identification:_identify(src/yeyu_vision) by extension 'python'
[0.224s] Level 1:colcon.colcon_core.package_identification:_identify(src/yeyu_vision) by extensions ['python_setup_py']
[0.224s] Level 1:colcon.colcon_core.package_identification:_identify(src/yeyu_vision) by extension 'python_setup_py'
[0.224s] Level 1:colcon.colcon_core.package_discovery:discover_packages(recursive) using defaults
[0.224s] Level 1:colcon.colcon_core.package_discovery:discover_packages(ignore) discover
[0.224s] Level 1:colcon.colcon_core.package_discovery:discover_packages(ignore) using defaults
[0.224s] Level 1:colcon.colcon_core.package_discovery:discover_packages(path) discover
[0.224s] Level 1:colcon.colcon_core.package_discovery:discover_packages(path) using defaults
[0.251s] Level 1:colcon.colcon_core.package_discovery:discover_packages(prefix_path) check parameters
[0.251s] Level 1:colcon.colcon_core.package_discovery:discover_packages(prefix_path) discover
[0.254s] DEBUG:colcon.colcon_installed_package_information.package_discovery:Found 3 installed packages in /home/ktel/yeyu_ws_temp/install
[0.255s] DEBUG:colcon.colcon_installed_package_information.package_discovery:Found 6 installed packages in /home/ktel/pyqt_ws/install
[0.255s] DEBUG:colcon.colcon_installed_package_information.package_discovery:Found 3 installed packages in /home/ktel/ros2_lab_ws/install
[0.255s] DEBUG:colcon.colcon_installed_package_information.package_discovery:Found 3 installed packages in /home/ktel/ros2_study/install
[0.256s] DEBUG:colcon.colcon_installed_package_information.package_discovery:Found 397 installed packages in /opt/ros/humble
[0.257s] Level 1:colcon.colcon_core.package_discovery:discover_packages(prefix_path) using defaults
[0.288s] Level 5:colcon.colcon_core.verb:set package 'yeyu_description' build argument 'cmake_args' from command line to 'None'
[0.288s] Level 5:colcon.colcon_core.verb:set package 'yeyu_description' build argument 'cmake_target' from command line to 'None'
[0.288s] Level 5:colcon.colcon_core.verb:set package 'yeyu_description' build argument 'cmake_target_skip_unavailable' from command line to 'False'
[0.288s] Level 5:colcon.colcon_core.verb:set package 'yeyu_description' build argument 'cmake_clean_cache' from command line to 'False'
[0.288s] Level 5:colcon.colcon_core.verb:set package 'yeyu_description' build argument 'cmake_clean_first' from command line to 'False'
[0.288s] Level 5:colcon.colcon_core.verb:set package 'yeyu_description' build argument 'cmake_force_configure' from command line to 'False'
[0.288s] Level 5:colcon.colcon_core.verb:set package 'yeyu_description' build argument 'ament_cmake_args' from command line to 'None'
[0.288s] Level 5:colcon.colcon_core.verb:set package 'yeyu_description' build argument 'catkin_cmake_args' from command line to 'None'
[0.288s] Level 5:colcon.colcon_core.verb:set package 'yeyu_description' build argument 'catkin_skip_building_tests' from command line to 'False'
[0.288s] DEBUG:colcon.colcon_core.verb:Building package 'yeyu_description' with the following arguments: {'ament_cmake_args': None, 'build_base': '/home/ktel/yeyu_ws_temp/build/yeyu_description', 'catkin_cmake_args': None, 'catkin_skip_building_tests': False, 'cmake_args': None, 'cmake_clean_cache': False, 'cmake_clean_first': False, 'cmake_force_configure': False, 'cmake_target': None, 'cmake_target_skip_unavailable': False, 'install_base': '/home/ktel/yeyu_ws_temp/install/yeyu_description', 'merge_install': False, 'path': '/home/ktel/yeyu_ws_temp/src/yeyu_description', 'symlink_install': False, 'test_result_base': None}
[0.288s] Level 5:colcon.colcon_core.verb:set package 'yeyu_navigation2' build argument 'cmake_args' from command line to 'None'
[0.288s] Level 5:colcon.colcon_core.verb:set package 'yeyu_navigation2' build argument 'cmake_target' from command line to 'None'
[0.288s] Level 5:colcon.colcon_core.verb:set package 'yeyu_navigation2' build argument 'cmake_target_skip_unavailable' from command line to 'False'
[0.288s] Level 5:colcon.colcon_core.verb:set package 'yeyu_navigation2' build argument 'cmake_clean_cache' from command line to 'False'
[0.288s] Level 5:colcon.colcon_core.verb:set package 'yeyu_navigation2' build argument 'cmake_clean_first' from command line to 'False'
[0.288s] Level 5:colcon.colcon_core.verb:set package 'yeyu_navigation2' build argument 'cmake_force_configure' from command line to 'False'
[0.288s] Level 5:colcon.colcon_core.verb:set package 'yeyu_navigation2' build argument 'ament_cmake_args' from command line to 'None'
[0.288s] Level 5:colcon.colcon_core.verb:set package 'yeyu_navigation2' build argument 'catkin_cmake_args' from command line to 'None'
[0.288s] Level 5:colcon.colcon_core.verb:set package 'yeyu_navigation2' build argument 'catkin_skip_building_tests' from command line to 'False'
[0.288s] DEBUG:colcon.colcon_core.verb:Building package 'yeyu_navigation2' with the following arguments: {'ament_cmake_args': None, 'build_base': '/home/ktel/yeyu_ws_temp/build/yeyu_navigation2', 'catkin_cmake_args': None, 'catkin_skip_building_tests': False, 'cmake_args': None, 'cmake_clean_cache': False, 'cmake_clean_first': False, 'cmake_force_configure': False, 'cmake_target': None, 'cmake_target_skip_unavailable': False, 'install_base': '/home/ktel/yeyu_ws_temp/install/yeyu_navigation2', 'merge_install': False, 'path': '/home/ktel/yeyu_ws_temp/src/yeyu_navigation2', 'symlink_install': False, 'test_result_base': None}
[0.288s] Level 5:colcon.colcon_core.verb:set package 'yeyu_bringup' build argument 'cmake_args' from command line to 'None'
[0.288s] Level 5:colcon.colcon_core.verb:set package 'yeyu_bringup' build argument 'cmake_target' from command line to 'None'
[0.288s] Level 5:colcon.colcon_core.verb:set package 'yeyu_bringup' build argument 'cmake_target_skip_unavailable' from command line to 'False'
[0.288s] Level 5:colcon.colcon_core.verb:set package 'yeyu_bringup' build argument 'cmake_clean_cache' from command line to 'False'
[0.288s] Level 5:colcon.colcon_core.verb:set package 'yeyu_bringup' build argument 'cmake_clean_first' from command line to 'False'
[0.288s] Level 5:colcon.colcon_core.verb:set package 'yeyu_bringup' build argument 'cmake_force_configure' from command line to 'False'
[0.288s] Level 5:colcon.colcon_core.verb:set package 'yeyu_bringup' build argument 'ament_cmake_args' from command line to 'None'
[0.288s] Level 5:colcon.colcon_core.verb:set package 'yeyu_bringup' build argument 'catkin_cmake_args' from command line to 'None'
[0.288s] Level 5:colcon.colcon_core.verb:set package 'yeyu_bringup' build argument 'catkin_skip_building_tests' from command line to 'False'
[0.288s] DEBUG:colcon.colcon_core.verb:Building package 'yeyu_bringup' with the following arguments: {'ament_cmake_args': None, 'build_base': '/home/ktel/yeyu_ws_temp/build/yeyu_bringup', 'catkin_cmake_args': None, 'catkin_skip_building_tests': False, 'cmake_args': None, 'cmake_clean_cache': False, 'cmake_clean_first': False, 'cmake_force_configure': False, 'cmake_target': None, 'cmake_target_skip_unavailable': False, 'install_base': '/home/ktel/yeyu_ws_temp/install/yeyu_bringup', 'merge_install': False, 'path': '/home/ktel/yeyu_ws_temp/src/yeyu_bringup', 'symlink_install': False, 'test_result_base': None}
[0.289s] INFO:colcon.colcon_core.executor:Executing jobs using 'parallel' executor
[0.290s] DEBUG:colcon.colcon_parallel_executor.executor.parallel:run_until_complete
[0.290s] INFO:colcon.colcon_ros.task.ament_cmake.build:Building ROS package in '/home/ktel/yeyu_ws_temp/src/yeyu_description' with build type 'ament_cmake'
[0.290s] INFO:colcon.colcon_cmake.task.cmake.build:Building CMake package in '/home/ktel/yeyu_ws_temp/src/yeyu_description'
[0.297s] INFO:colcon.colcon_core.plugin_system:Skipping extension 'colcon_core.shell.bat': Not used on non-Windows systems
[0.297s] INFO:colcon.colcon_core.shell:Skip shell extension 'powershell' for command environment: Not usable outside of PowerShell
[0.297s] DEBUG:colcon.colcon_core.shell:Skip shell extension 'dsv' for command environment
[0.301s] INFO:colcon.colcon_ros.task.ament_cmake.build:Building ROS package in '/home/ktel/yeyu_ws_temp/src/yeyu_navigation2' with build type 'ament_cmake'
[0.301s] INFO:colcon.colcon_cmake.task.cmake.build:Building CMake package in '/home/ktel/yeyu_ws_temp/src/yeyu_navigation2'
[0.301s] INFO:colcon.colcon_core.shell:Skip shell extension 'powershell' for command environment: Not usable outside of PowerShell
[0.301s] DEBUG:colcon.colcon_core.shell:Skip shell extension 'dsv' for command environment
[0.317s] DEBUG:colcon.colcon_core.event_handler.log_command:Invoking command in '/home/ktel/yeyu_ws_temp/build/yeyu_description': CMAKE_PREFIX_PATH=${CMAKE_PREFIX_PATH}:/home/ktel/pyqt_ws/install/tb3_nav2_pyqt_gui:/home/ktel/pyqt_ws/install/robot_audio_gui:/home/ktel/pyqt_ws/install/pyqt_component_qui:/home/ktel/pyqt_ws/install/pyqt_component_gui:/home/ktel/pyqt_ws/install/YEYU_turtlebot3_pyqt_gui:/home/ktel/ros2_lab_ws/install/topic_practice:/home/ktel/ros2_lab_ws/install/pyqt_ros2_gui:/home/ktel/ros2_study/install/my_first_package:/opt/ros/humble /usr/bin/cmake --build /home/ktel/yeyu_ws_temp/build/yeyu_description -- -j8 -l8
[0.340s] DEBUG:colcon.colcon_core.event_handler.log_command:Invoking command in '/home/ktel/yeyu_ws_temp/build/yeyu_navigation2': CMAKE_PREFIX_PATH=${CMAKE_PREFIX_PATH}:/home/ktel/pyqt_ws/install/tb3_nav2_pyqt_gui:/home/ktel/pyqt_ws/install/robot_audio_gui:/home/ktel/pyqt_ws/install/pyqt_component_qui:/home/ktel/pyqt_ws/install/pyqt_component_gui:/home/ktel/pyqt_ws/install/YEYU_turtlebot3_pyqt_gui:/home/ktel/ros2_lab_ws/install/topic_practice:/home/ktel/ros2_lab_ws/install/pyqt_ros2_gui:/home/ktel/ros2_study/install/my_first_package:/opt/ros/humble /usr/bin/cmake --build /home/ktel/yeyu_ws_temp/build/yeyu_navigation2 -- -j8 -l8
[0.365s] DEBUG:colcon.colcon_core.event_handler.log_command:Invoked command in '/home/ktel/yeyu_ws_temp/build/yeyu_description' returned '0': CMAKE_PREFIX_PATH=${CMAKE_PREFIX_PATH}:/home/ktel/pyqt_ws/install/tb3_nav2_pyqt_gui:/home/ktel/pyqt_ws/install/robot_audio_gui:/home/ktel/pyqt_ws/install/pyqt_component_qui:/home/ktel/pyqt_ws/install/pyqt_component_gui:/home/ktel/pyqt_ws/install/YEYU_turtlebot3_pyqt_gui:/home/ktel/ros2_lab_ws/install/topic_practice:/home/ktel/ros2_lab_ws/install/pyqt_ros2_gui:/home/ktel/ros2_study/install/my_first_package:/opt/ros/humble /usr/bin/cmake --build /home/ktel/yeyu_ws_temp/build/yeyu_description -- -j8 -l8
[0.376s] DEBUG:colcon.colcon_core.event_handler.log_command:Invoking command in '/home/ktel/yeyu_ws_temp/build/yeyu_description': CMAKE_PREFIX_PATH=${CMAKE_PREFIX_PATH}:/home/ktel/pyqt_ws/install/tb3_nav2_pyqt_gui:/home/ktel/pyqt_ws/install/robot_audio_gui:/home/ktel/pyqt_ws/install/pyqt_component_qui:/home/ktel/pyqt_ws/install/pyqt_component_gui:/home/ktel/pyqt_ws/install/YEYU_turtlebot3_pyqt_gui:/home/ktel/ros2_lab_ws/install/topic_practice:/home/ktel/ros2_lab_ws/install/pyqt_ros2_gui:/home/ktel/ros2_study/install/my_first_package:/opt/ros/humble /usr/bin/cmake --install /home/ktel/yeyu_ws_temp/build/yeyu_description
[0.378s] DEBUG:colcon.colcon_core.event_handler.log_command:Invoked command in '/home/ktel/yeyu_ws_temp/build/yeyu_navigation2' returned '0': CMAKE_PREFIX_PATH=${CMAKE_PREFIX_PATH}:/home/ktel/pyqt_ws/install/tb3_nav2_pyqt_gui:/home/ktel/pyqt_ws/install/robot_audio_gui:/home/ktel/pyqt_ws/install/pyqt_component_qui:/home/ktel/pyqt_ws/install/pyqt_component_gui:/home/ktel/pyqt_ws/install/YEYU_turtlebot3_pyqt_gui:/home/ktel/ros2_lab_ws/install/topic_practice:/home/ktel/ros2_lab_ws/install/pyqt_ros2_gui:/home/ktel/ros2_study/install/my_first_package:/opt/ros/humble /usr/bin/cmake --build /home/ktel/yeyu_ws_temp/build/yeyu_navigation2 -- -j8 -l8
[0.380s] DEBUG:colcon.colcon_core.event_handler.log_command:Invoking command in '/home/ktel/yeyu_ws_temp/build/yeyu_navigation2': CMAKE_PREFIX_PATH=${CMAKE_PREFIX_PATH}:/home/ktel/pyqt_ws/install/tb3_nav2_pyqt_gui:/home/ktel/pyqt_ws/install/robot_audio_gui:/home/ktel/pyqt_ws/install/pyqt_component_qui:/home/ktel/pyqt_ws/install/pyqt_component_gui:/home/ktel/pyqt_ws/install/YEYU_turtlebot3_pyqt_gui:/home/ktel/ros2_lab_ws/install/topic_practice:/home/ktel/ros2_lab_ws/install/pyqt_ros2_gui:/home/ktel/ros2_study/install/my_first_package:/opt/ros/humble /usr/bin/cmake --install /home/ktel/yeyu_ws_temp/build/yeyu_navigation2
[0.386s] Level 1:colcon.colcon_core.environment:create_environment_scripts_only(yeyu_description)
[0.387s] DEBUG:colcon.colcon_core.event_handler.log_command:Invoked command in '/home/ktel/yeyu_ws_temp/build/yeyu_description' returned '0': CMAKE_PREFIX_PATH=${CMAKE_PREFIX_PATH}:/home/ktel/pyqt_ws/install/tb3_nav2_pyqt_gui:/home/ktel/pyqt_ws/install/robot_audio_gui:/home/ktel/pyqt_ws/install/pyqt_component_qui:/home/ktel/pyqt_ws/install/pyqt_component_gui:/home/ktel/pyqt_ws/install/YEYU_turtlebot3_pyqt_gui:/home/ktel/ros2_lab_ws/install/topic_practice:/home/ktel/ros2_lab_ws/install/pyqt_ros2_gui:/home/ktel/ros2_study/install/my_first_package:/opt/ros/humble /usr/bin/cmake --install /home/ktel/yeyu_ws_temp/build/yeyu_description
[0.396s] Level 1:colcon.colcon_core.environment:checking '/home/ktel/yeyu_ws_temp/install/yeyu_description' for CMake module files
[0.397s] Level 1:colcon.colcon_core.environment:checking '/home/ktel/yeyu_ws_temp/install/yeyu_description' for CMake config files
[0.397s] Level 1:colcon.colcon_core.shell:create_environment_hook('yeyu_description', 'cmake_prefix_path')
[0.397s] INFO:colcon.colcon_core.shell:Creating environment hook '/home/ktel/yeyu_ws_temp/install/yeyu_description/share/yeyu_description/hook/cmake_prefix_path.ps1'
[0.397s] INFO:colcon.colcon_core.shell:Creating environment descriptor '/home/ktel/yeyu_ws_temp/install/yeyu_description/share/yeyu_description/hook/cmake_prefix_path.dsv'
[0.398s] INFO:colcon.colcon_core.shell:Creating environment hook '/home/ktel/yeyu_ws_temp/install/yeyu_description/share/yeyu_description/hook/cmake_prefix_path.sh'
[0.399s] Level 1:colcon.colcon_core.environment:checking '/home/ktel/yeyu_ws_temp/install/yeyu_description/bin'
[0.399s] Level 1:colcon.colcon_core.environment:checking '/home/ktel/yeyu_ws_temp/install/yeyu_description/lib/pkgconfig/yeyu_description.pc'
[0.399s] Level 1:colcon.colcon_core.environment:checking '/home/ktel/yeyu_ws_temp/install/yeyu_description/lib/python3.10/site-packages'
[0.399s] Level 1:colcon.colcon_core.environment:checking '/home/ktel/yeyu_ws_temp/install/yeyu_description/bin'
[0.400s] INFO:colcon.colcon_core.shell:Creating package script '/home/ktel/yeyu_ws_temp/install/yeyu_description/share/yeyu_description/package.ps1'
[0.401s] INFO:colcon.colcon_core.shell:Creating package descriptor '/home/ktel/yeyu_ws_temp/install/yeyu_description/share/yeyu_description/package.dsv'
[0.402s] INFO:colcon.colcon_core.shell:Creating package script '/home/ktel/yeyu_ws_temp/install/yeyu_description/share/yeyu_description/package.sh'
[0.402s] INFO:colcon.colcon_core.shell:Creating package script '/home/ktel/yeyu_ws_temp/install/yeyu_description/share/yeyu_description/package.bash'
[0.403s] INFO:colcon.colcon_core.shell:Creating package script '/home/ktel/yeyu_ws_temp/install/yeyu_description/share/yeyu_description/package.zsh'
[0.403s] Level 1:colcon.colcon_core.environment:create_file_with_runtime_dependencies(/home/ktel/yeyu_ws_temp/install/yeyu_description/share/colcon-core/packages/yeyu_description)
[0.404s] Level 1:colcon.colcon_core.environment:create_environment_scripts_only(yeyu_description)
[0.404s] Level 1:colcon.colcon_core.environment:checking '/home/ktel/yeyu_ws_temp/install/yeyu_description' for CMake module files
[0.405s] Level 1:colcon.colcon_core.environment:checking '/home/ktel/yeyu_ws_temp/install/yeyu_description' for CMake config files
[0.405s] Level 1:colcon.colcon_core.shell:create_environment_hook('yeyu_description', 'cmake_prefix_path')
[0.405s] INFO:colcon.colcon_core.shell:Creating environment hook '/home/ktel/yeyu_ws_temp/install/yeyu_description/share/yeyu_description/hook/cmake_prefix_path.ps1'
[0.405s] INFO:colcon.colcon_core.shell:Creating environment descriptor '/home/ktel/yeyu_ws_temp/install/yeyu_description/share/yeyu_description/hook/cmake_prefix_path.dsv'
[0.406s] INFO:colcon.colcon_core.shell:Creating environment hook '/home/ktel/yeyu_ws_temp/install/yeyu_description/share/yeyu_description/hook/cmake_prefix_path.sh'
[0.407s] Level 1:colcon.colcon_core.environment:checking '/home/ktel/yeyu_ws_temp/install/yeyu_description/bin'
[0.407s] Level 1:colcon.colcon_core.environment:checking '/home/ktel/yeyu_ws_temp/install/yeyu_description/lib/pkgconfig/yeyu_description.pc'
[0.407s] Level 1:colcon.colcon_core.environment:checking '/home/ktel/yeyu_ws_temp/install/yeyu_description/lib/python3.10/site-packages'
[0.407s] Level 1:colcon.colcon_core.environment:checking '/home/ktel/yeyu_ws_temp/install/yeyu_description/bin'
[0.408s] INFO:colcon.colcon_core.shell:Creating package script '/home/ktel/yeyu_ws_temp/install/yeyu_description/share/yeyu_description/package.ps1'
[0.408s] INFO:colcon.colcon_core.shell:Creating package descriptor '/home/ktel/yeyu_ws_temp/install/yeyu_description/share/yeyu_description/package.dsv'
[0.409s] INFO:colcon.colcon_core.shell:Creating package script '/home/ktel/yeyu_ws_temp/install/yeyu_description/share/yeyu_description/package.sh'
[0.409s] INFO:colcon.colcon_core.shell:Creating package script '/home/ktel/yeyu_ws_temp/install/yeyu_description/share/yeyu_description/package.bash'
[0.410s] INFO:colcon.colcon_core.shell:Creating package script '/home/ktel/yeyu_ws_temp/install/yeyu_description/share/yeyu_description/package.zsh'
[0.410s] Level 1:colcon.colcon_core.environment:create_file_with_runtime_dependencies(/home/ktel/yeyu_ws_temp/install/yeyu_description/share/colcon-core/packages/yeyu_description)
[0.411s] INFO:colcon.colcon_ros.task.ament_cmake.build:Building ROS package in '/home/ktel/yeyu_ws_temp/src/yeyu_bringup' with build type 'ament_cmake'
[0.411s] INFO:colcon.colcon_cmake.task.cmake.build:Building CMake package in '/home/ktel/yeyu_ws_temp/src/yeyu_bringup'
[0.411s] INFO:colcon.colcon_core.shell:Skip shell extension 'powershell' for command environment: Not usable outside of PowerShell
[0.411s] DEBUG:colcon.colcon_core.shell:Skip shell extension 'dsv' for command environment
[0.418s] Level 1:colcon.colcon_core.environment:create_environment_scripts_only(yeyu_navigation2)
[0.418s] Level 1:colcon.colcon_core.environment:checking '/home/ktel/yeyu_ws_temp/install/yeyu_navigation2' for CMake module files
[0.419s] DEBUG:colcon.colcon_core.event_handler.log_command:Invoked command in '/home/ktel/yeyu_ws_temp/build/yeyu_navigation2' returned '0': CMAKE_PREFIX_PATH=${CMAKE_PREFIX_PATH}:/home/ktel/pyqt_ws/install/tb3_nav2_pyqt_gui:/home/ktel/pyqt_ws/install/robot_audio_gui:/home/ktel/pyqt_ws/install/pyqt_component_qui:/home/ktel/pyqt_ws/install/pyqt_component_gui:/home/ktel/pyqt_ws/install/YEYU_turtlebot3_pyqt_gui:/home/ktel/ros2_lab_ws/install/topic_practice:/home/ktel/ros2_lab_ws/install/pyqt_ros2_gui:/home/ktel/ros2_study/install/my_first_package:/opt/ros/humble /usr/bin/cmake --install /home/ktel/yeyu_ws_temp/build/yeyu_navigation2
[0.419s] Level 1:colcon.colcon_core.environment:checking '/home/ktel/yeyu_ws_temp/install/yeyu_navigation2' for CMake config files
[0.419s] Level 1:colcon.colcon_core.shell:create_environment_hook('yeyu_navigation2', 'cmake_prefix_path')
[0.419s] INFO:colcon.colcon_core.shell:Creating environment hook '/home/ktel/yeyu_ws_temp/install/yeyu_navigation2/share/yeyu_navigation2/hook/cmake_prefix_path.ps1'
[0.420s] INFO:colcon.colcon_core.shell:Creating environment descriptor '/home/ktel/yeyu_ws_temp/install/yeyu_navigation2/share/yeyu_navigation2/hook/cmake_prefix_path.dsv'
[0.420s] INFO:colcon.colcon_core.shell:Creating environment hook '/home/ktel/yeyu_ws_temp/install/yeyu_navigation2/share/yeyu_navigation2/hook/cmake_prefix_path.sh'
[0.421s] Level 1:colcon.colcon_core.environment:checking '/home/ktel/yeyu_ws_temp/install/yeyu_navigation2/bin'
[0.421s] Level 1:colcon.colcon_core.environment:checking '/home/ktel/yeyu_ws_temp/install/yeyu_navigation2/lib/pkgconfig/yeyu_navigation2.pc'
[0.421s] Level 1:colcon.colcon_core.environment:checking '/home/ktel/yeyu_ws_temp/install/yeyu_navigation2/lib/python3.10/site-packages'
[0.421s] Level 1:colcon.colcon_core.environment:checking '/home/ktel/yeyu_ws_temp/install/yeyu_navigation2/bin'
[0.422s] INFO:colcon.colcon_core.shell:Creating package script '/home/ktel/yeyu_ws_temp/install/yeyu_navigation2/share/yeyu_navigation2/package.ps1'
[0.422s] INFO:colcon.colcon_core.shell:Creating package descriptor '/home/ktel/yeyu_ws_temp/install/yeyu_navigation2/share/yeyu_navigation2/package.dsv'
[0.423s] INFO:colcon.colcon_core.shell:Creating package script '/home/ktel/yeyu_ws_temp/install/yeyu_navigation2/share/yeyu_navigation2/package.sh'
[0.424s] INFO:colcon.colcon_core.shell:Creating package script '/home/ktel/yeyu_ws_temp/install/yeyu_navigation2/share/yeyu_navigation2/package.bash'
[0.424s] INFO:colcon.colcon_core.shell:Creating package script '/home/ktel/yeyu_ws_temp/install/yeyu_navigation2/share/yeyu_navigation2/package.zsh'
[0.425s] Level 1:colcon.colcon_core.environment:create_file_with_runtime_dependencies(/home/ktel/yeyu_ws_temp/install/yeyu_navigation2/share/colcon-core/packages/yeyu_navigation2)
[0.425s] Level 1:colcon.colcon_core.environment:create_environment_scripts_only(yeyu_navigation2)
[0.426s] Level 1:colcon.colcon_core.environment:checking '/home/ktel/yeyu_ws_temp/install/yeyu_navigation2' for CMake module files
[0.426s] Level 1:colcon.colcon_core.environment:checking '/home/ktel/yeyu_ws_temp/install/yeyu_navigation2' for CMake config files
[0.426s] Level 1:colcon.colcon_core.shell:create_environment_hook('yeyu_navigation2', 'cmake_prefix_path')
[0.426s] INFO:colcon.colcon_core.shell:Creating environment hook '/home/ktel/yeyu_ws_temp/install/yeyu_navigation2/share/yeyu_navigation2/hook/cmake_prefix_path.ps1'
[0.427s] INFO:colcon.colcon_core.shell:Creating environment descriptor '/home/ktel/yeyu_ws_temp/install/yeyu_navigation2/share/yeyu_navigation2/hook/cmake_prefix_path.dsv'
[0.427s] INFO:colcon.colcon_core.shell:Creating environment hook '/home/ktel/yeyu_ws_temp/install/yeyu_navigation2/share/yeyu_navigation2/hook/cmake_prefix_path.sh'
[0.428s] Level 1:colcon.colcon_core.environment:checking '/home/ktel/yeyu_ws_temp/install/yeyu_navigation2/bin'
[0.428s] Level 1:colcon.colcon_core.environment:checking '/home/ktel/yeyu_ws_temp/install/yeyu_navigation2/lib/pkgconfig/yeyu_navigation2.pc'
[0.428s] Level 1:colcon.colcon_core.environment:checking '/home/ktel/yeyu_ws_temp/install/yeyu_navigation2/lib/python3.10/site-packages'
[0.428s] Level 1:colcon.colcon_core.environment:checking '/home/ktel/yeyu_ws_temp/install/yeyu_navigation2/bin'
[0.429s] INFO:colcon.colcon_core.shell:Creating package script '/home/ktel/yeyu_ws_temp/install/yeyu_navigation2/share/yeyu_navigation2/package.ps1'
[0.429s] INFO:colcon.colcon_core.shell:Creating package descriptor '/home/ktel/yeyu_ws_temp/install/yeyu_navigation2/share/yeyu_navigation2/package.dsv'
[0.430s] INFO:colcon.colcon_core.shell:Creating package script '/home/ktel/yeyu_ws_temp/install/yeyu_navigation2/share/yeyu_navigation2/package.sh'
[0.430s] INFO:colcon.colcon_core.shell:Creating package script '/home/ktel/yeyu_ws_temp/install/yeyu_navigation2/share/yeyu_navigation2/package.bash'
[0.431s] INFO:colcon.colcon_core.shell:Creating package script '/home/ktel/yeyu_ws_temp/install/yeyu_navigation2/share/yeyu_navigation2/package.zsh'
[0.431s] Level 1:colcon.colcon_core.environment:create_file_with_runtime_dependencies(/home/ktel/yeyu_ws_temp/install/yeyu_navigation2/share/colcon-core/packages/yeyu_navigation2)
[0.436s] DEBUG:colcon.colcon_core.event_handler.log_command:Invoking command in '/home/ktel/yeyu_ws_temp/build/yeyu_bringup': CMAKE_PREFIX_PATH=/home/ktel/yeyu_ws_temp/install/yeyu_description:/home/ktel/yeyu_ws_temp/install/yeyu_navigation2:/home/ktel/yeyu_ws_temp/install/yeyu_bringup:/home/ktel/pyqt_ws/install/robot_audio_interfaces:/home/ktel/ros2_lab_ws/install/robot_interfaces:/home/ktel/ros2_study/install/my_cpp_package:/home/ktel/ros2_study/install/my_first_package_msgs:/home/ktel/pyqt_ws/install/tb3_nav2_pyqt_gui:/home/ktel/pyqt_ws/install/robot_audio_gui:/home/ktel/pyqt_ws/install/pyqt_component_qui:/home/ktel/pyqt_ws/install/pyqt_component_gui:/home/ktel/pyqt_ws/install/YEYU_turtlebot3_pyqt_gui:/home/ktel/ros2_lab_ws/install/topic_practice:/home/ktel/ros2_lab_ws/install/pyqt_ros2_gui:/home/ktel/ros2_study/install/my_first_package:/opt/ros/humble /usr/bin/cmake --build /home/ktel/yeyu_ws_temp/build/yeyu_bringup -- -j8 -l8
[0.676s] DEBUG:colcon.colcon_core.event_handler.log_command:Invoked command in '/home/ktel/yeyu_ws_temp/build/yeyu_bringup' returned '0': CMAKE_PREFIX_PATH=/home/ktel/yeyu_ws_temp/install/yeyu_description:/home/ktel/yeyu_ws_temp/install/yeyu_navigation2:/home/ktel/yeyu_ws_temp/install/yeyu_bringup:/home/ktel/pyqt_ws/install/robot_audio_interfaces:/home/ktel/ros2_lab_ws/install/robot_interfaces:/home/ktel/ros2_study/install/my_cpp_package:/home/ktel/ros2_study/install/my_first_package_msgs:/home/ktel/pyqt_ws/install/tb3_nav2_pyqt_gui:/home/ktel/pyqt_ws/install/robot_audio_gui:/home/ktel/pyqt_ws/install/pyqt_component_qui:/home/ktel/pyqt_ws/install/pyqt_component_gui:/home/ktel/pyqt_ws/install/YEYU_turtlebot3_pyqt_gui:/home/ktel/ros2_lab_ws/install/topic_practice:/home/ktel/ros2_lab_ws/install/pyqt_ros2_gui:/home/ktel/ros2_study/install/my_first_package:/opt/ros/humble /usr/bin/cmake --build /home/ktel/yeyu_ws_temp/build/yeyu_bringup -- -j8 -l8
[0.679s] DEBUG:colcon.colcon_core.event_handler.log_command:Invoking command in '/home/ktel/yeyu_ws_temp/build/yeyu_bringup': CMAKE_PREFIX_PATH=/home/ktel/yeyu_ws_temp/install/yeyu_description:/home/ktel/yeyu_ws_temp/install/yeyu_navigation2:/home/ktel/yeyu_ws_temp/install/yeyu_bringup:/home/ktel/pyqt_ws/install/robot_audio_interfaces:/home/ktel/ros2_lab_ws/install/robot_interfaces:/home/ktel/ros2_study/install/my_cpp_package:/home/ktel/ros2_study/install/my_first_package_msgs:/home/ktel/pyqt_ws/install/tb3_nav2_pyqt_gui:/home/ktel/pyqt_ws/install/robot_audio_gui:/home/ktel/pyqt_ws/install/pyqt_component_qui:/home/ktel/pyqt_ws/install/pyqt_component_gui:/home/ktel/pyqt_ws/install/YEYU_turtlebot3_pyqt_gui:/home/ktel/ros2_lab_ws/install/topic_practice:/home/ktel/ros2_lab_ws/install/pyqt_ros2_gui:/home/ktel/ros2_study/install/my_first_package:/opt/ros/humble /usr/bin/cmake --install /home/ktel/yeyu_ws_temp/build/yeyu_bringup
[0.689s] Level 1:colcon.colcon_core.environment:create_environment_scripts_only(yeyu_bringup)
[0.689s] Level 1:colcon.colcon_core.environment:checking '/home/ktel/yeyu_ws_temp/install/yeyu_bringup' for CMake module files
[0.690s] DEBUG:colcon.colcon_core.event_handler.log_command:Invoked command in '/home/ktel/yeyu_ws_temp/build/yeyu_bringup' returned '0': CMAKE_PREFIX_PATH=/home/ktel/yeyu_ws_temp/install/yeyu_description:/home/ktel/yeyu_ws_temp/install/yeyu_navigation2:/home/ktel/yeyu_ws_temp/install/yeyu_bringup:/home/ktel/pyqt_ws/install/robot_audio_interfaces:/home/ktel/ros2_lab_ws/install/robot_interfaces:/home/ktel/ros2_study/install/my_cpp_package:/home/ktel/ros2_study/install/my_first_package_msgs:/home/ktel/pyqt_ws/install/tb3_nav2_pyqt_gui:/home/ktel/pyqt_ws/install/robot_audio_gui:/home/ktel/pyqt_ws/install/pyqt_component_qui:/home/ktel/pyqt_ws/install/pyqt_component_gui:/home/ktel/pyqt_ws/install/YEYU_turtlebot3_pyqt_gui:/home/ktel/ros2_lab_ws/install/topic_practice:/home/ktel/ros2_lab_ws/install/pyqt_ros2_gui:/home/ktel/ros2_study/install/my_first_package:/opt/ros/humble /usr/bin/cmake --install /home/ktel/yeyu_ws_temp/build/yeyu_bringup
[0.690s] Level 1:colcon.colcon_core.environment:checking '/home/ktel/yeyu_ws_temp/install/yeyu_bringup' for CMake config files
[0.690s] Level 1:colcon.colcon_core.shell:create_environment_hook('yeyu_bringup', 'cmake_prefix_path')
[0.690s] INFO:colcon.colcon_core.shell:Creating environment hook '/home/ktel/yeyu_ws_temp/install/yeyu_bringup/share/yeyu_bringup/hook/cmake_prefix_path.ps1'
[0.691s] INFO:colcon.colcon_core.shell:Creating environment descriptor '/home/ktel/yeyu_ws_temp/install/yeyu_bringup/share/yeyu_bringup/hook/cmake_prefix_path.dsv'
[0.691s] INFO:colcon.colcon_core.shell:Creating environment hook '/home/ktel/yeyu_ws_temp/install/yeyu_bringup/share/yeyu_bringup/hook/cmake_prefix_path.sh'
[0.692s] Level 1:colcon.colcon_core.environment:checking '/home/ktel/yeyu_ws_temp/install/yeyu_bringup/bin'
[0.692s] Level 1:colcon.colcon_core.environment:checking '/home/ktel/yeyu_ws_temp/install/yeyu_bringup/lib/pkgconfig/yeyu_bringup.pc'
[0.692s] Level 1:colcon.colcon_core.environment:checking '/home/ktel/yeyu_ws_temp/install/yeyu_bringup/lib/python3.10/site-packages'
[0.693s] Level 1:colcon.colcon_core.environment:checking '/home/ktel/yeyu_ws_temp/install/yeyu_bringup/bin'
[0.693s] INFO:colcon.colcon_core.shell:Creating package script '/home/ktel/yeyu_ws_temp/install/yeyu_bringup/share/yeyu_bringup/package.ps1'
[0.693s] INFO:colcon.colcon_core.shell:Creating package descriptor '/home/ktel/yeyu_ws_temp/install/yeyu_bringup/share/yeyu_bringup/package.dsv'
[0.696s] INFO:colcon.colcon_core.shell:Creating package script '/home/ktel/yeyu_ws_temp/install/yeyu_bringup/share/yeyu_bringup/package.sh'
[0.697s] INFO:colcon.colcon_core.shell:Creating package script '/home/ktel/yeyu_ws_temp/install/yeyu_bringup/share/yeyu_bringup/package.bash'
[0.698s] INFO:colcon.colcon_core.shell:Creating package script '/home/ktel/yeyu_ws_temp/install/yeyu_bringup/share/yeyu_bringup/package.zsh'
[0.699s] Level 1:colcon.colcon_core.environment:create_file_with_runtime_dependencies(/home/ktel/yeyu_ws_temp/install/yeyu_bringup/share/colcon-core/packages/yeyu_bringup)
[0.699s] Level 1:colcon.colcon_core.environment:create_environment_scripts_only(yeyu_bringup)
[0.699s] Level 1:colcon.colcon_core.environment:checking '/home/ktel/yeyu_ws_temp/install/yeyu_bringup' for CMake module files
[0.700s] Level 1:colcon.colcon_core.environment:checking '/home/ktel/yeyu_ws_temp/install/yeyu_bringup' for CMake config files
[0.700s] Level 1:colcon.colcon_core.shell:create_environment_hook('yeyu_bringup', 'cmake_prefix_path')
[0.700s] INFO:colcon.colcon_core.shell:Creating environment hook '/home/ktel/yeyu_ws_temp/install/yeyu_bringup/share/yeyu_bringup/hook/cmake_prefix_path.ps1'
[0.700s] INFO:colcon.colcon_core.shell:Creating environment descriptor '/home/ktel/yeyu_ws_temp/install/yeyu_bringup/share/yeyu_bringup/hook/cmake_prefix_path.dsv'
[0.701s] INFO:colcon.colcon_core.shell:Creating environment hook '/home/ktel/yeyu_ws_temp/install/yeyu_bringup/share/yeyu_bringup/hook/cmake_prefix_path.sh'
[0.701s] Level 1:colcon.colcon_core.environment:checking '/home/ktel/yeyu_ws_temp/install/yeyu_bringup/bin'
[0.701s] Level 1:colcon.colcon_core.environment:checking '/home/ktel/yeyu_ws_temp/install/yeyu_bringup/lib/pkgconfig/yeyu_bringup.pc'
[0.702s] Level 1:colcon.colcon_core.environment:checking '/home/ktel/yeyu_ws_temp/install/yeyu_bringup/lib/python3.10/site-packages'
[0.702s] Level 1:colcon.colcon_core.environment:checking '/home/ktel/yeyu_ws_temp/install/yeyu_bringup/bin'
[0.702s] INFO:colcon.colcon_core.shell:Creating package script '/home/ktel/yeyu_ws_temp/install/yeyu_bringup/share/yeyu_bringup/package.ps1'
[0.703s] INFO:colcon.colcon_core.shell:Creating package descriptor '/home/ktel/yeyu_ws_temp/install/yeyu_bringup/share/yeyu_bringup/package.dsv'
[0.703s] INFO:colcon.colcon_core.shell:Creating package script '/home/ktel/yeyu_ws_temp/install/yeyu_bringup/share/yeyu_bringup/package.sh'
[0.704s] INFO:colcon.colcon_core.shell:Creating package script '/home/ktel/yeyu_ws_temp/install/yeyu_bringup/share/yeyu_bringup/package.bash'
[0.704s] INFO:colcon.colcon_core.shell:Creating package script '/home/ktel/yeyu_ws_temp/install/yeyu_bringup/share/yeyu_bringup/package.zsh'
[0.705s] Level 1:colcon.colcon_core.environment:create_file_with_runtime_dependencies(/home/ktel/yeyu_ws_temp/install/yeyu_bringup/share/colcon-core/packages/yeyu_bringup)
[0.705s] DEBUG:colcon.colcon_parallel_executor.executor.parallel:closing loop
[0.705s] DEBUG:colcon.colcon_parallel_executor.executor.parallel:loop closed
[0.706s] DEBUG:colcon.colcon_parallel_executor.executor.parallel:run_until_complete finished with '0'
[0.706s] DEBUG:colcon.colcon_core.event_reactor:joining thread
[0.713s] INFO:colcon.colcon_core.plugin_system:Skipping extension 'colcon_notification.desktop_notification.terminal_notifier': Not used on non-Darwin systems
[0.713s] INFO:colcon.colcon_core.plugin_system:Skipping extension 'colcon_notification.desktop_notification.win32': Not used on non-Windows systems
[0.713s] INFO:colcon.colcon_notification.desktop_notification:Sending desktop notification using 'notify2'
[0.726s] DEBUG:colcon.colcon_core.event_reactor:joined thread
[0.726s] INFO:colcon.colcon_core.shell:Creating prefix script '/home/ktel/yeyu_ws_temp/install/local_setup.ps1'
[0.727s] INFO:colcon.colcon_core.shell:Creating prefix util module '/home/ktel/yeyu_ws_temp/install/_local_setup_util_ps1.py'
[0.729s] INFO:colcon.colcon_core.shell:Creating prefix chain script '/home/ktel/yeyu_ws_temp/install/setup.ps1'
[0.733s] INFO:colcon.colcon_core.shell:Creating prefix script '/home/ktel/yeyu_ws_temp/install/local_setup.sh'
[0.734s] INFO:colcon.colcon_core.shell:Creating prefix util module '/home/ktel/yeyu_ws_temp/install/_local_setup_util_sh.py'
[0.735s] INFO:colcon.colcon_core.shell:Creating prefix chain script '/home/ktel/yeyu_ws_temp/install/setup.sh'
[0.737s] INFO:colcon.colcon_core.shell:Creating prefix script '/home/ktel/yeyu_ws_temp/install/local_setup.bash'
[0.738s] INFO:colcon.colcon_core.shell:Creating prefix chain script '/home/ktel/yeyu_ws_temp/install/setup.bash'
[0.742s] INFO:colcon.colcon_core.shell:Creating prefix script '/home/ktel/yeyu_ws_temp/install/local_setup.zsh'
[0.743s] INFO:colcon.colcon_core.shell:Creating prefix chain script '/home/ktel/yeyu_ws_temp/install/setup.zsh'
