-- Install configuration: ""
-- Up-to-date: /home/ktel/yeyu_ws_temp/install/yeyu_bringup/share/yeyu_bringup/launch
-- Up-to-date: /home/ktel/yeyu_ws_temp/install/yeyu_bringup/share/yeyu_bringup/launch/camera.launch.py
-- Up-to-date: /home/ktel/yeyu_ws_temp/install/yeyu_bringup/share/yeyu_bringup/launch/rviz2.launch.py
-- Up-to-date: /home/ktel/yeyu_ws_temp/install/yeyu_bringup/share/yeyu_bringup/launch/turtlebot3_state_publisher.launch.py
-- Up-to-date: /home/ktel/yeyu_ws_temp/install/yeyu_bringup/share/yeyu_bringup/launch/robot.launch.py
-- Up-to-date: /home/ktel/yeyu_ws_temp/install/yeyu_bringup/share/yeyu_bringup/param
-- Up-to-date: /home/ktel/yeyu_ws_temp/install/yeyu_bringup/share/yeyu_bringup/param/humble
-- Up-to-date: /home/ktel/yeyu_ws_temp/install/yeyu_bringup/share/yeyu_bringup/param/humble/waffle.yaml
-- Up-to-date: /home/ktel/yeyu_ws_temp/install/yeyu_bringup/share/yeyu_bringup/param/humble/burger.yaml
-- Up-to-date: /home/ktel/yeyu_ws_temp/install/yeyu_bringup/share/yeyu_bringup/param/humble/waffle_pi.yaml
-- Up-to-date: /home/ktel/yeyu_ws_temp/install/yeyu_bringup/share/yeyu_bringup/param/waffle.yaml
-- Up-to-date: /home/ktel/yeyu_ws_temp/install/yeyu_bringup/share/yeyu_bringup/param/burger.yaml
-- Up-to-date: /home/ktel/yeyu_ws_temp/install/yeyu_bringup/share/yeyu_bringup/param/waffle_pi.yaml
-- Up-to-date: /home/ktel/yeyu_ws_temp/install/yeyu_bringup/share/yeyu_bringup/script
-- Installing: /home/ktel/yeyu_ws_temp/install/yeyu_bringup/share/yeyu_bringup/script/create_udev_rules
-- Up-to-date: /home/ktel/yeyu_ws_temp/install/yeyu_bringup/share/yeyu_bringup/script/99-turtlebot3-cdc.rules
-- Up-to-date: /home/ktel/yeyu_ws_temp/install/yeyu_bringup/share/ament_index/resource_index/package_run_dependencies/yeyu_bringup
-- Up-to-date: /home/ktel/yeyu_ws_temp/install/yeyu_bringup/share/ament_index/resource_index/parent_prefix_path/yeyu_bringup
-- Up-to-date: /home/ktel/yeyu_ws_temp/install/yeyu_bringup/share/yeyu_bringup/environment/ament_prefix_path.sh
-- Up-to-date: /home/ktel/yeyu_ws_temp/install/yeyu_bringup/share/yeyu_bringup/environment/ament_prefix_path.dsv
-- Up-to-date: /home/ktel/yeyu_ws_temp/install/yeyu_bringup/share/yeyu_bringup/environment/path.sh
-- Up-to-date: /home/ktel/yeyu_ws_temp/install/yeyu_bringup/share/yeyu_bringup/environment/path.dsv
-- Up-to-date: /home/ktel/yeyu_ws_temp/install/yeyu_bringup/share/yeyu_bringup/local_setup.bash
-- Up-to-date: /home/ktel/yeyu_ws_temp/install/yeyu_bringup/share/yeyu_bringup/local_setup.sh
-- Up-to-date: /home/ktel/yeyu_ws_temp/install/yeyu_bringup/share/yeyu_bringup/local_setup.zsh
-- Up-to-date: /home/ktel/yeyu_ws_temp/install/yeyu_bringup/share/yeyu_bringup/local_setup.dsv
-- Installing: /home/ktel/yeyu_ws_temp/install/yeyu_bringup/share/yeyu_bringup/package.dsv
-- Up-to-date: /home/ktel/yeyu_ws_temp/install/yeyu_bringup/share/ament_index/resource_index/packages/yeyu_bringup
-- Up-to-date: /home/ktel/yeyu_ws_temp/install/yeyu_bringup/share/yeyu_bringup/cmake/yeyu_bringupConfig.cmake
-- Up-to-date: /home/ktel/yeyu_ws_temp/install/yeyu_bringup/share/yeyu_bringup/cmake/yeyu_bringupConfig-version.cmake
-- Up-to-date: /home/ktel/yeyu_ws_temp/install/yeyu_bringup/share/yeyu_bringup/package.xml
