[0.025s] Invoking command in '/home/ktel/yeyu_ws_temp/build/yeyu_description': CMAKE_PREFIX_PATH=${CMAKE_PREFIX_PATH}:/home/ktel/pyqt_ws/install/tb3_nav2_pyqt_gui:/home/ktel/pyqt_ws/install/robot_audio_gui:/home/ktel/pyqt_ws/install/pyqt_component_qui:/home/ktel/pyqt_ws/install/pyqt_component_gui:/home/ktel/pyqt_ws/install/YEYU_turtlebot3_pyqt_gui:/home/ktel/ros2_lab_ws/install/topic_practice:/home/ktel/ros2_lab_ws/install/pyqt_ros2_gui:/home/ktel/ros2_study/install/my_first_package:/opt/ros/humble /usr/bin/cmake --build /home/ktel/yeyu_ws_temp/build/yeyu_description -- -j8 -l8
[0.074s] Invoked command in '/home/ktel/yeyu_ws_temp/build/yeyu_description' returned '0': CMAKE_PREFIX_PATH=${CMAKE_PREFIX_PATH}:/home/ktel/pyqt_ws/install/tb3_nav2_pyqt_gui:/home/ktel/pyqt_ws/install/robot_audio_gui:/home/ktel/pyqt_ws/install/pyqt_component_qui:/home/ktel/pyqt_ws/install/pyqt_component_gui:/home/ktel/pyqt_ws/install/YEYU_turtlebot3_pyqt_gui:/home/ktel/ros2_lab_ws/install/topic_practice:/home/ktel/ros2_lab_ws/install/pyqt_ros2_gui:/home/ktel/ros2_study/install/my_first_package:/opt/ros/humble /usr/bin/cmake --build /home/ktel/yeyu_ws_temp/build/yeyu_description -- -j8 -l8
[0.085s] Invoking command in '/home/ktel/yeyu_ws_temp/build/yeyu_description': CMAKE_PREFIX_PATH=${CMAKE_PREFIX_PATH}:/home/ktel/pyqt_ws/install/tb3_nav2_pyqt_gui:/home/ktel/pyqt_ws/install/robot_audio_gui:/home/ktel/pyqt_ws/install/pyqt_component_qui:/home/ktel/pyqt_ws/install/pyqt_component_gui:/home/ktel/pyqt_ws/install/YEYU_turtlebot3_pyqt_gui:/home/ktel/ros2_lab_ws/install/topic_practice:/home/ktel/ros2_lab_ws/install/pyqt_ros2_gui:/home/ktel/ros2_study/install/my_first_package:/opt/ros/humble /usr/bin/cmake --install /home/ktel/yeyu_ws_temp/build/yeyu_description
[0.092s] -- Install configuration: ""
[0.092s] -- Up-to-date: /home/ktel/yeyu_ws_temp/install/yeyu_description/share/yeyu_description/meshes
[0.092s] -- Up-to-date: /home/ktel/yeyu_ws_temp/install/yeyu_description/share/yeyu_description/meshes/bases
[0.092s] -- Up-to-date: /home/ktel/yeyu_ws_temp/install/yeyu_description/share/yeyu_description/meshes/bases/waffle_base.stl
[0.092s] -- Up-to-date: /home/ktel/yeyu_ws_temp/install/yeyu_description/share/yeyu_description/meshes/bases/burger_base.stl
[0.092s] -- Up-to-date: /home/ktel/yeyu_ws_temp/install/yeyu_description/share/yeyu_description/meshes/bases/waffle_pi_base.stl
[0.092s] -- Up-to-date: /home/ktel/yeyu_ws_temp/install/yeyu_description/share/yeyu_description/meshes/sensors
[0.092s] -- Up-to-date: /home/ktel/yeyu_ws_temp/install/yeyu_description/share/yeyu_description/meshes/sensors/lds.stl
[0.092s] -- Up-to-date: /home/ktel/yeyu_ws_temp/install/yeyu_description/share/yeyu_description/meshes/sensors/r200.jpg
[0.092s] -- Up-to-date: /home/ktel/yeyu_ws_temp/install/yeyu_description/share/yeyu_description/meshes/sensors/astra.dae
[0.092s] -- Up-to-date: /home/ktel/yeyu_ws_temp/install/yeyu_description/share/yeyu_description/meshes/sensors/r200.dae
[0.092s] -- Up-to-date: /home/ktel/yeyu_ws_temp/install/yeyu_description/share/yeyu_description/meshes/sensors/astra.jpg
[0.093s] -- Up-to-date: /home/ktel/yeyu_ws_temp/install/yeyu_description/share/yeyu_description/meshes/wheels
[0.093s] -- Up-to-date: /home/ktel/yeyu_ws_temp/install/yeyu_description/share/yeyu_description/meshes/wheels/left_tire.stl
[0.093s] -- Up-to-date: /home/ktel/yeyu_ws_temp/install/yeyu_description/share/yeyu_description/meshes/wheels/right_tire.stl
[0.093s] -- Up-to-date: /home/ktel/yeyu_ws_temp/install/yeyu_description/share/yeyu_description/rviz
[0.093s] -- Up-to-date: /home/ktel/yeyu_ws_temp/install/yeyu_description/share/yeyu_description/rviz/model.rviz
[0.093s] -- Up-to-date: /home/ktel/yeyu_ws_temp/install/yeyu_description/share/yeyu_description/urdf
[0.093s] -- Up-to-date: /home/ktel/yeyu_ws_temp/install/yeyu_description/share/yeyu_description/urdf/turtlebot3_waffle.urdf
[0.093s] -- Up-to-date: /home/ktel/yeyu_ws_temp/install/yeyu_description/share/yeyu_description/urdf/turtlebot3_waffle_pi.urdf
[0.093s] -- Up-to-date: /home/ktel/yeyu_ws_temp/install/yeyu_description/share/yeyu_description/urdf/turtlebot3_burger.urdf
[0.093s] -- Up-to-date: /home/ktel/yeyu_ws_temp/install/yeyu_description/share/yeyu_description/urdf/common_properties.urdf
[0.093s] -- Up-to-date: /home/ktel/yeyu_ws_temp/install/yeyu_description/share/ament_index/resource_index/package_run_dependencies/yeyu_description
[0.093s] -- Up-to-date: /home/ktel/yeyu_ws_temp/install/yeyu_description/share/ament_index/resource_index/parent_prefix_path/yeyu_description
[0.093s] -- Up-to-date: /home/ktel/yeyu_ws_temp/install/yeyu_description/share/yeyu_description/environment/ament_prefix_path.sh
[0.093s] -- Up-to-date: /home/ktel/yeyu_ws_temp/install/yeyu_description/share/yeyu_description/environment/ament_prefix_path.dsv
[0.093s] -- Up-to-date: /home/ktel/yeyu_ws_temp/install/yeyu_description/share/yeyu_description/environment/path.sh
[0.093s] -- Up-to-date: /home/ktel/yeyu_ws_temp/install/yeyu_description/share/yeyu_description/environment/path.dsv
[0.093s] -- Up-to-date: /home/ktel/yeyu_ws_temp/install/yeyu_description/share/yeyu_description/local_setup.bash
[0.093s] -- Up-to-date: /home/ktel/yeyu_ws_temp/install/yeyu_description/share/yeyu_description/local_setup.sh
[0.094s] -- Up-to-date: /home/ktel/yeyu_ws_temp/install/yeyu_description/share/yeyu_description/local_setup.zsh
[0.094s] -- Up-to-date: /home/ktel/yeyu_ws_temp/install/yeyu_description/share/yeyu_description/local_setup.dsv
[0.094s] -- Up-to-date: /home/ktel/yeyu_ws_temp/install/yeyu_description/share/yeyu_description/package.dsv
[0.094s] -- Up-to-date: /home/ktel/yeyu_ws_temp/install/yeyu_description/share/ament_index/resource_index/packages/yeyu_description
[0.094s] -- Up-to-date: /home/ktel/yeyu_ws_temp/install/yeyu_description/share/yeyu_description/cmake/yeyu_descriptionConfig.cmake
[0.094s] -- Up-to-date: /home/ktel/yeyu_ws_temp/install/yeyu_description/share/yeyu_description/cmake/yeyu_descriptionConfig-version.cmake
[0.094s] -- Up-to-date: /home/ktel/yeyu_ws_temp/install/yeyu_description/share/yeyu_description/package.xml
[0.096s] Invoked command in '/home/ktel/yeyu_ws_temp/build/yeyu_description' returned '0': CMAKE_PREFIX_PATH=${CMAKE_PREFIX_PATH}:/home/ktel/pyqt_ws/install/tb3_nav2_pyqt_gui:/home/ktel/pyqt_ws/install/robot_audio_gui:/home/ktel/pyqt_ws/install/pyqt_component_qui:/home/ktel/pyqt_ws/install/pyqt_component_gui:/home/ktel/pyqt_ws/install/YEYU_turtlebot3_pyqt_gui:/home/ktel/ros2_lab_ws/install/topic_practice:/home/ktel/ros2_lab_ws/install/pyqt_ros2_gui:/home/ktel/ros2_study/install/my_first_package:/opt/ros/humble /usr/bin/cmake --install /home/ktel/yeyu_ws_temp/build/yeyu_description
