[0.041s] Invoking command in '/home/ktel/yeyu_ws_temp/build/yeyu_navigation2': CMAKE_PREFIX_PATH=${CMAKE_PREFIX_PATH}:/home/ktel/pyqt_ws/install/tb3_nav2_pyqt_gui:/home/ktel/pyqt_ws/install/robot_audio_gui:/home/ktel/pyqt_ws/install/pyqt_component_qui:/home/ktel/pyqt_ws/install/pyqt_component_gui:/home/ktel/pyqt_ws/install/YEYU_turtlebot3_pyqt_gui:/home/ktel/ros2_lab_ws/install/topic_practice:/home/ktel/ros2_lab_ws/install/pyqt_ros2_gui:/home/ktel/ros2_study/install/my_first_package:/opt/ros/humble /usr/bin/cmake --build /home/ktel/yeyu_ws_temp/build/yeyu_navigation2 -- -j8 -l8
[0.084s] Invoked command in '/home/ktel/yeyu_ws_temp/build/yeyu_navigation2' returned '0': CMAKE_PREFIX_PATH=${CMAKE_PREFIX_PATH}:/home/ktel/pyqt_ws/install/tb3_nav2_pyqt_gui:/home/ktel/pyqt_ws/install/robot_audio_gui:/home/ktel/pyqt_ws/install/pyqt_component_qui:/home/ktel/pyqt_ws/install/pyqt_component_gui:/home/ktel/pyqt_ws/install/YEYU_turtlebot3_pyqt_gui:/home/ktel/ros2_lab_ws/install/topic_practice:/home/ktel/ros2_lab_ws/install/pyqt_ros2_gui:/home/ktel/ros2_study/install/my_first_package:/opt/ros/humble /usr/bin/cmake --build /home/ktel/yeyu_ws_temp/build/yeyu_navigation2 -- -j8 -l8
[0.084s] Invoking command in '/home/ktel/yeyu_ws_temp/build/yeyu_navigation2': CMAKE_PREFIX_PATH=${CMAKE_PREFIX_PATH}:/home/ktel/pyqt_ws/install/tb3_nav2_pyqt_gui:/home/ktel/pyqt_ws/install/robot_audio_gui:/home/ktel/pyqt_ws/install/pyqt_component_qui:/home/ktel/pyqt_ws/install/pyqt_component_gui:/home/ktel/pyqt_ws/install/YEYU_turtlebot3_pyqt_gui:/home/ktel/ros2_lab_ws/install/topic_practice:/home/ktel/ros2_lab_ws/install/pyqt_ros2_gui:/home/ktel/ros2_study/install/my_first_package:/opt/ros/humble /usr/bin/cmake --install /home/ktel/yeyu_ws_temp/build/yeyu_navigation2
[0.093s] -- Install configuration: ""
[0.093s] -- Up-to-date: /home/ktel/yeyu_ws_temp/install/yeyu_navigation2/share/yeyu_navigation2/launch
[0.093s] -- Up-to-date: /home/ktel/yeyu_ws_temp/install/yeyu_navigation2/share/yeyu_navigation2/launch/navigation2.launch.py
[0.094s] -- Up-to-date: /home/ktel/yeyu_ws_temp/install/yeyu_navigation2/share/yeyu_navigation2/map
[0.094s] -- Up-to-date: /home/ktel/yeyu_ws_temp/install/yeyu_navigation2/share/yeyu_navigation2/map/map.pgm
[0.095s] -- Up-to-date: /home/ktel/yeyu_ws_temp/install/yeyu_navigation2/share/yeyu_navigation2/map/map.yaml
[0.096s] -- Up-to-date: /home/ktel/yeyu_ws_temp/install/yeyu_navigation2/share/yeyu_navigation2/param
[0.096s] -- Up-to-date: /home/ktel/yeyu_ws_temp/install/yeyu_navigation2/share/yeyu_navigation2/param/humble
[0.097s] -- Up-to-date: /home/ktel/yeyu_ws_temp/install/yeyu_navigation2/share/yeyu_navigation2/param/humble/burger_cam.yaml
[0.098s] -- Up-to-date: /home/ktel/yeyu_ws_temp/install/yeyu_navigation2/share/yeyu_navigation2/param/humble/waffle.yaml
[0.098s] -- Up-to-date: /home/ktel/yeyu_ws_temp/install/yeyu_navigation2/share/yeyu_navigation2/param/humble/burger.yaml
[0.098s] -- Up-to-date: /home/ktel/yeyu_ws_temp/install/yeyu_navigation2/share/yeyu_navigation2/param/humble/waffle_pi.yaml
[0.098s] -- Up-to-date: /home/ktel/yeyu_ws_temp/install/yeyu_navigation2/share/yeyu_navigation2/param/burger_cam.yaml
[0.100s] -- Up-to-date: /home/ktel/yeyu_ws_temp/install/yeyu_navigation2/share/yeyu_navigation2/param/waffle.yaml
[0.100s] -- Up-to-date: /home/ktel/yeyu_ws_temp/install/yeyu_navigation2/share/yeyu_navigation2/param/burger.yaml
[0.100s] -- Up-to-date: /home/ktel/yeyu_ws_temp/install/yeyu_navigation2/share/yeyu_navigation2/param/waffle_pi.yaml
[0.100s] -- Up-to-date: /home/ktel/yeyu_ws_temp/install/yeyu_navigation2/share/yeyu_navigation2/rviz
[0.100s] -- Up-to-date: /home/ktel/yeyu_ws_temp/install/yeyu_navigation2/share/yeyu_navigation2/rviz/tb3_navigation2.rviz
[0.100s] -- Up-to-date: /home/ktel/yeyu_ws_temp/install/yeyu_navigation2/share/ament_index/resource_index/package_run_dependencies/yeyu_navigation2
[0.100s] -- Up-to-date: /home/ktel/yeyu_ws_temp/install/yeyu_navigation2/share/ament_index/resource_index/parent_prefix_path/yeyu_navigation2
[0.100s] -- Up-to-date: /home/ktel/yeyu_ws_temp/install/yeyu_navigation2/share/yeyu_navigation2/environment/ament_prefix_path.sh
[0.100s] -- Up-to-date: /home/ktel/yeyu_ws_temp/install/yeyu_navigation2/share/yeyu_navigation2/environment/ament_prefix_path.dsv
[0.100s] -- Up-to-date: /home/ktel/yeyu_ws_temp/install/yeyu_navigation2/share/yeyu_navigation2/environment/path.sh
[0.100s] -- Up-to-date: /home/ktel/yeyu_ws_temp/install/yeyu_navigation2/share/yeyu_navigation2/environment/path.dsv
[0.100s] -- Up-to-date: /home/ktel/yeyu_ws_temp/install/yeyu_navigation2/share/yeyu_navigation2/local_setup.bash
[0.100s] -- Up-to-date: /home/ktel/yeyu_ws_temp/install/yeyu_navigation2/share/yeyu_navigation2/local_setup.sh
[0.101s] -- Up-to-date: /home/ktel/yeyu_ws_temp/install/yeyu_navigation2/share/yeyu_navigation2/local_setup.zsh
[0.101s] -- Up-to-date: /home/ktel/yeyu_ws_temp/install/yeyu_navigation2/share/yeyu_navigation2/local_setup.dsv
[0.101s] -- Installing: /home/ktel/yeyu_ws_temp/install/yeyu_navigation2/share/yeyu_navigation2/package.dsv
[0.101s] -- Up-to-date: /home/ktel/yeyu_ws_temp/install/yeyu_navigation2/share/ament_index/resource_index/packages/yeyu_navigation2
[0.101s] -- Up-to-date: /home/ktel/yeyu_ws_temp/install/yeyu_navigation2/share/yeyu_navigation2/cmake/yeyu_navigation2Config.cmake
[0.101s] -- Up-to-date: /home/ktel/yeyu_ws_temp/install/yeyu_navigation2/share/yeyu_navigation2/cmake/yeyu_navigation2Config-version.cmake
[0.101s] -- Up-to-date: /home/ktel/yeyu_ws_temp/install/yeyu_navigation2/share/yeyu_navigation2/package.xml
[0.101s] Invoked command in '/home/ktel/yeyu_ws_temp/build/yeyu_navigation2' returned '0': CMAKE_PREFIX_PATH=${CMAKE_PREFIX_PATH}:/home/ktel/pyqt_ws/install/tb3_nav2_pyqt_gui:/home/ktel/pyqt_ws/install/robot_audio_gui:/home/ktel/pyqt_ws/install/pyqt_component_qui:/home/ktel/pyqt_ws/install/pyqt_component_gui:/home/ktel/pyqt_ws/install/YEYU_turtlebot3_pyqt_gui:/home/ktel/ros2_lab_ws/install/topic_practice:/home/ktel/ros2_lab_ws/install/pyqt_ros2_gui:/home/ktel/ros2_study/install/my_first_package:/opt/ros/humble /usr/bin/cmake --install /home/ktel/yeyu_ws_temp/build/yeyu_navigation2
