[0.031s] Invoking command in '/home/ktel/yeyu_ws_temp/build/yeyu_description': CMAKE_PREFIX_PATH=${CMAKE_PREFIX_PATH}:/home/ktel/pyqt_ws/install/tb3_nav2_pyqt_gui:/home/ktel/pyqt_ws/install/robot_audio_gui:/home/ktel/pyqt_ws/install/pyqt_component_qui:/home/ktel/pyqt_ws/install/pyqt_component_gui:/home/ktel/pyqt_ws/install/YEYU_turtlebot3_pyqt_gui:/home/ktel/ros2_lab_ws/install/topic_practice:/home/ktel/ros2_lab_ws/install/pyqt_ros2_gui:/home/ktel/ros2_study/install/my_first_package:/opt/ros/humble /usr/bin/cmake /home/ktel/yeyu_ws_temp/src/yeyu_description -DCMAKE_INSTALL_PREFIX=/home/ktel/yeyu_ws_temp/install/yeyu_description
[0.231s] -- The C compiler identification is GNU 11.4.0
[0.389s] -- The CXX compiler identification is GNU 11.4.0
[0.408s] -- Detecting C compiler ABI info
[0.515s] -- Detecting C compiler ABI info - done
[0.517s] -- Check for working C compiler: /usr/bin/cc - skipped
[0.518s] -- Detecting C compile features
[0.518s] -- Detecting C compile features - done
[0.523s] -- Detecting CXX compiler ABI info
[0.625s] -- Detecting CXX compiler ABI info - done
[0.630s] -- Check for working CXX compiler: /usr/bin/c++ - skipped
[0.631s] -- Detecting CXX compile features
[0.631s] -- Detecting CXX compile features - done
[0.656s] -- Found ament_cmake: 1.3.14 (/opt/ros/humble/share/ament_cmake/cmake)
[1.036s] -- Found Python3: /usr/bin/python3 (found version "3.10.12") found components: Interpreter 
[1.185s] -- Found urdf: 2.6.1 (/opt/ros/humble/share/urdf/cmake)
[1.348s] -- Configuring done
[1.352s] -- Generating done
[1.352s] -- Build files have been written to: /home/ktel/yeyu_ws_temp/build/yeyu_description
[1.380s] Invoked command in '/home/ktel/yeyu_ws_temp/build/yeyu_description' returned '0': CMAKE_PREFIX_PATH=${CMAKE_PREFIX_PATH}:/home/ktel/pyqt_ws/install/tb3_nav2_pyqt_gui:/home/ktel/pyqt_ws/install/robot_audio_gui:/home/ktel/pyqt_ws/install/pyqt_component_qui:/home/ktel/pyqt_ws/install/pyqt_component_gui:/home/ktel/pyqt_ws/install/YEYU_turtlebot3_pyqt_gui:/home/ktel/ros2_lab_ws/install/topic_practice:/home/ktel/ros2_lab_ws/install/pyqt_ros2_gui:/home/ktel/ros2_study/install/my_first_package:/opt/ros/humble /usr/bin/cmake /home/ktel/yeyu_ws_temp/src/yeyu_description -DCMAKE_INSTALL_PREFIX=/home/ktel/yeyu_ws_temp/install/yeyu_description
[1.381s] Invoking command in '/home/ktel/yeyu_ws_temp/build/yeyu_description': CMAKE_PREFIX_PATH=${CMAKE_PREFIX_PATH}:/home/ktel/pyqt_ws/install/tb3_nav2_pyqt_gui:/home/ktel/pyqt_ws/install/robot_audio_gui:/home/ktel/pyqt_ws/install/pyqt_component_qui:/home/ktel/pyqt_ws/install/pyqt_component_gui:/home/ktel/pyqt_ws/install/YEYU_turtlebot3_pyqt_gui:/home/ktel/ros2_lab_ws/install/topic_practice:/home/ktel/ros2_lab_ws/install/pyqt_ros2_gui:/home/ktel/ros2_study/install/my_first_package:/opt/ros/humble /usr/bin/cmake --build /home/ktel/yeyu_ws_temp/build/yeyu_description -- -j8 -l8
[1.426s] Invoked command in '/home/ktel/yeyu_ws_temp/build/yeyu_description' returned '0': CMAKE_PREFIX_PATH=${CMAKE_PREFIX_PATH}:/home/ktel/pyqt_ws/install/tb3_nav2_pyqt_gui:/home/ktel/pyqt_ws/install/robot_audio_gui:/home/ktel/pyqt_ws/install/pyqt_component_qui:/home/ktel/pyqt_ws/install/pyqt_component_gui:/home/ktel/pyqt_ws/install/YEYU_turtlebot3_pyqt_gui:/home/ktel/ros2_lab_ws/install/topic_practice:/home/ktel/ros2_lab_ws/install/pyqt_ros2_gui:/home/ktel/ros2_study/install/my_first_package:/opt/ros/humble /usr/bin/cmake --build /home/ktel/yeyu_ws_temp/build/yeyu_description -- -j8 -l8
[1.429s] Invoking command in '/home/ktel/yeyu_ws_temp/build/yeyu_description': CMAKE_PREFIX_PATH=${CMAKE_PREFIX_PATH}:/home/ktel/pyqt_ws/install/tb3_nav2_pyqt_gui:/home/ktel/pyqt_ws/install/robot_audio_gui:/home/ktel/pyqt_ws/install/pyqt_component_qui:/home/ktel/pyqt_ws/install/pyqt_component_gui:/home/ktel/pyqt_ws/install/YEYU_turtlebot3_pyqt_gui:/home/ktel/ros2_lab_ws/install/topic_practice:/home/ktel/ros2_lab_ws/install/pyqt_ros2_gui:/home/ktel/ros2_study/install/my_first_package:/opt/ros/humble /usr/bin/cmake --install /home/ktel/yeyu_ws_temp/build/yeyu_description
[1.457s] -- Install configuration: ""
[1.457s] -- Installing: /home/ktel/yeyu_ws_temp/install/yeyu_description/share/yeyu_description/meshes
[1.457s] -- Installing: /home/ktel/yeyu_ws_temp/install/yeyu_description/share/yeyu_description/meshes/bases
[1.457s] -- Installing: /home/ktel/yeyu_ws_temp/install/yeyu_description/share/yeyu_description/meshes/bases/waffle_base.stl
[1.457s] -- Installing: /home/ktel/yeyu_ws_temp/install/yeyu_description/share/yeyu_description/meshes/bases/burger_base.stl
[1.467s] -- Installing: /home/ktel/yeyu_ws_temp/install/yeyu_description/share/yeyu_description/meshes/bases/waffle_pi_base.stl
[1.478s] -- Installing: /home/ktel/yeyu_ws_temp/install/yeyu_description/share/yeyu_description/meshes/sensors
[1.479s] -- Installing: /home/ktel/yeyu_ws_temp/install/yeyu_description/share/yeyu_description/meshes/sensors/lds.stl
[1.483s] -- Installing: /home/ktel/yeyu_ws_temp/install/yeyu_description/share/yeyu_description/meshes/sensors/r200.jpg
[1.483s] -- Installing: /home/ktel/yeyu_ws_temp/install/yeyu_description/share/yeyu_description/meshes/sensors/astra.dae
[1.491s] -- Installing: /home/ktel/yeyu_ws_temp/install/yeyu_description/share/yeyu_description/meshes/sensors/r200.dae
[1.493s] -- Installing: /home/ktel/yeyu_ws_temp/install/yeyu_description/share/yeyu_description/meshes/sensors/astra.jpg
[1.493s] -- Installing: /home/ktel/yeyu_ws_temp/install/yeyu_description/share/yeyu_description/meshes/wheels
[1.493s] -- Installing: /home/ktel/yeyu_ws_temp/install/yeyu_description/share/yeyu_description/meshes/wheels/left_tire.stl
[1.493s] -- Installing: /home/ktel/yeyu_ws_temp/install/yeyu_description/share/yeyu_description/meshes/wheels/right_tire.stl
[1.497s] -- Installing: /home/ktel/yeyu_ws_temp/install/yeyu_description/share/yeyu_description/rviz
[1.497s] -- Installing: /home/ktel/yeyu_ws_temp/install/yeyu_description/share/yeyu_description/rviz/model.rviz
[1.498s] -- Installing: /home/ktel/yeyu_ws_temp/install/yeyu_description/share/yeyu_description/urdf
[1.498s] -- Installing: /home/ktel/yeyu_ws_temp/install/yeyu_description/share/yeyu_description/urdf/turtlebot3_waffle.urdf
[1.498s] -- Installing: /home/ktel/yeyu_ws_temp/install/yeyu_description/share/yeyu_description/urdf/turtlebot3_waffle_pi.urdf
[1.498s] -- Installing: /home/ktel/yeyu_ws_temp/install/yeyu_description/share/yeyu_description/urdf/turtlebot3_burger.urdf
[1.499s] -- Installing: /home/ktel/yeyu_ws_temp/install/yeyu_description/share/yeyu_description/urdf/common_properties.urdf
[1.499s] -- Installing: /home/ktel/yeyu_ws_temp/install/yeyu_description/share/ament_index/resource_index/package_run_dependencies/yeyu_description
[1.499s] -- Installing: /home/ktel/yeyu_ws_temp/install/yeyu_description/share/ament_index/resource_index/parent_prefix_path/yeyu_description
[1.500s] -- Installing: /home/ktel/yeyu_ws_temp/install/yeyu_description/share/yeyu_description/environment/ament_prefix_path.sh
[1.500s] -- Installing: /home/ktel/yeyu_ws_temp/install/yeyu_description/share/yeyu_description/environment/ament_prefix_path.dsv
[1.500s] -- Installing: /home/ktel/yeyu_ws_temp/install/yeyu_description/share/yeyu_description/environment/path.sh
[1.501s] -- Installing: /home/ktel/yeyu_ws_temp/install/yeyu_description/share/yeyu_description/environment/path.dsv
[1.501s] -- Installing: /home/ktel/yeyu_ws_temp/install/yeyu_description/share/yeyu_description/local_setup.bash
[1.501s] -- Installing: /home/ktel/yeyu_ws_temp/install/yeyu_description/share/yeyu_description/local_setup.sh
[1.501s] -- Installing: /home/ktel/yeyu_ws_temp/install/yeyu_description/share/yeyu_description/local_setup.zsh
[1.501s] -- Installing: /home/ktel/yeyu_ws_temp/install/yeyu_description/share/yeyu_description/local_setup.dsv
[1.501s] -- Installing: /home/ktel/yeyu_ws_temp/install/yeyu_description/share/yeyu_description/package.dsv
[1.501s] -- Installing: /home/ktel/yeyu_ws_temp/install/yeyu_description/share/ament_index/resource_index/packages/yeyu_description
[1.501s] -- Installing: /home/ktel/yeyu_ws_temp/install/yeyu_description/share/yeyu_description/cmake/yeyu_descriptionConfig.cmake
[1.501s] -- Installing: /home/ktel/yeyu_ws_temp/install/yeyu_description/share/yeyu_description/cmake/yeyu_descriptionConfig-version.cmake
[1.502s] -- Installing: /home/ktel/yeyu_ws_temp/install/yeyu_description/share/yeyu_description/package.xml
[1.503s] Invoked command in '/home/ktel/yeyu_ws_temp/build/yeyu_description' returned '0': CMAKE_PREFIX_PATH=${CMAKE_PREFIX_PATH}:/home/ktel/pyqt_ws/install/tb3_nav2_pyqt_gui:/home/ktel/pyqt_ws/install/robot_audio_gui:/home/ktel/pyqt_ws/install/pyqt_component_qui:/home/ktel/pyqt_ws/install/pyqt_component_gui:/home/ktel/pyqt_ws/install/YEYU_turtlebot3_pyqt_gui:/home/ktel/ros2_lab_ws/install/topic_practice:/home/ktel/ros2_lab_ws/install/pyqt_ros2_gui:/home/ktel/ros2_study/install/my_first_package:/opt/ros/humble /usr/bin/cmake --install /home/ktel/yeyu_ws_temp/build/yeyu_description
