[0.024s] Invoking command in '/home/ktel/yeyu_ws_temp/build/yeyu_bringup': CMAKE_PREFIX_PATH=/home/ktel/yeyu_ws_temp/install/yeyu_description:/home/ktel/yeyu_ws_temp/install/yeyu_navigation2:/home/ktel/yeyu_ws_temp/install/yeyu_bringup:/home/ktel/pyqt_ws/install/robot_audio_interfaces:/home/ktel/ros2_lab_ws/install/robot_interfaces:/home/ktel/ros2_study/install/my_cpp_package:/home/ktel/ros2_study/install/my_first_package_msgs:/home/ktel/pyqt_ws/install/tb3_nav2_pyqt_gui:/home/ktel/pyqt_ws/install/robot_audio_gui:/home/ktel/pyqt_ws/install/pyqt_component_qui:/home/ktel/pyqt_ws/install/pyqt_component_gui:/home/ktel/pyqt_ws/install/YEYU_turtlebot3_pyqt_gui:/home/ktel/ros2_lab_ws/install/topic_practice:/home/ktel/ros2_lab_ws/install/pyqt_ros2_gui:/home/ktel/ros2_study/install/my_first_package:/opt/ros/humble /usr/bin/cmake --build /home/ktel/yeyu_ws_temp/build/yeyu_bringup -- -j8 -l8
[0.050s] -- Found ament_cmake: 1.3.14 (/opt/ros/humble/share/ament_cmake/cmake)
[0.236s] -- Configuring done
[0.239s] -- Generating done
[0.243s] -- Build files have been written to: /home/ktel/yeyu_ws_temp/build/yeyu_bringup
[0.264s] Invoked command in '/home/ktel/yeyu_ws_temp/build/yeyu_bringup' returned '0': CMAKE_PREFIX_PATH=/home/ktel/yeyu_ws_temp/install/yeyu_description:/home/ktel/yeyu_ws_temp/install/yeyu_navigation2:/home/ktel/yeyu_ws_temp/install/yeyu_bringup:/home/ktel/pyqt_ws/install/robot_audio_interfaces:/home/ktel/ros2_lab_ws/install/robot_interfaces:/home/ktel/ros2_study/install/my_cpp_package:/home/ktel/ros2_study/install/my_first_package_msgs:/home/ktel/pyqt_ws/install/tb3_nav2_pyqt_gui:/home/ktel/pyqt_ws/install/robot_audio_gui:/home/ktel/pyqt_ws/install/pyqt_component_qui:/home/ktel/pyqt_ws/install/pyqt_component_gui:/home/ktel/pyqt_ws/install/YEYU_turtlebot3_pyqt_gui:/home/ktel/ros2_lab_ws/install/topic_practice:/home/ktel/ros2_lab_ws/install/pyqt_ros2_gui:/home/ktel/ros2_study/install/my_first_package:/opt/ros/humble /usr/bin/cmake --build /home/ktel/yeyu_ws_temp/build/yeyu_bringup -- -j8 -l8
[0.266s] Invoking command in '/home/ktel/yeyu_ws_temp/build/yeyu_bringup': CMAKE_PREFIX_PATH=/home/ktel/yeyu_ws_temp/install/yeyu_description:/home/ktel/yeyu_ws_temp/install/yeyu_navigation2:/home/ktel/yeyu_ws_temp/install/yeyu_bringup:/home/ktel/pyqt_ws/install/robot_audio_interfaces:/home/ktel/ros2_lab_ws/install/robot_interfaces:/home/ktel/ros2_study/install/my_cpp_package:/home/ktel/ros2_study/install/my_first_package_msgs:/home/ktel/pyqt_ws/install/tb3_nav2_pyqt_gui:/home/ktel/pyqt_ws/install/robot_audio_gui:/home/ktel/pyqt_ws/install/pyqt_component_qui:/home/ktel/pyqt_ws/install/pyqt_component_gui:/home/ktel/pyqt_ws/install/YEYU_turtlebot3_pyqt_gui:/home/ktel/ros2_lab_ws/install/topic_practice:/home/ktel/ros2_lab_ws/install/pyqt_ros2_gui:/home/ktel/ros2_study/install/my_first_package:/opt/ros/humble /usr/bin/cmake --install /home/ktel/yeyu_ws_temp/build/yeyu_bringup
[0.274s] -- Install configuration: ""
[0.274s] -- Up-to-date: /home/ktel/yeyu_ws_temp/install/yeyu_bringup/share/yeyu_bringup/launch
[0.274s] -- Up-to-date: /home/ktel/yeyu_ws_temp/install/yeyu_bringup/share/yeyu_bringup/launch/camera.launch.py
[0.274s] -- Installing: /home/ktel/yeyu_ws_temp/install/yeyu_bringup/share/yeyu_bringup/launch/rviz2.launch.py
[0.274s] -- Installing: /home/ktel/yeyu_ws_temp/install/yeyu_bringup/share/yeyu_bringup/launch/turtlebot3_state_publisher.launch.py
[0.274s] -- Up-to-date: /home/ktel/yeyu_ws_temp/install/yeyu_bringup/share/yeyu_bringup/launch/robot.launch.py
[0.274s] -- Up-to-date: /home/ktel/yeyu_ws_temp/install/yeyu_bringup/share/yeyu_bringup/param
[0.274s] -- Up-to-date: /home/ktel/yeyu_ws_temp/install/yeyu_bringup/share/yeyu_bringup/param/humble
[0.275s] -- Up-to-date: /home/ktel/yeyu_ws_temp/install/yeyu_bringup/share/yeyu_bringup/param/humble/waffle.yaml
[0.275s] -- Up-to-date: /home/ktel/yeyu_ws_temp/install/yeyu_bringup/share/yeyu_bringup/param/humble/burger.yaml
[0.275s] -- Up-to-date: /home/ktel/yeyu_ws_temp/install/yeyu_bringup/share/yeyu_bringup/param/humble/waffle_pi.yaml
[0.275s] -- Up-to-date: /home/ktel/yeyu_ws_temp/install/yeyu_bringup/share/yeyu_bringup/param/waffle.yaml
[0.275s] -- Up-to-date: /home/ktel/yeyu_ws_temp/install/yeyu_bringup/share/yeyu_bringup/param/burger.yaml
[0.275s] -- Up-to-date: /home/ktel/yeyu_ws_temp/install/yeyu_bringup/share/yeyu_bringup/param/waffle_pi.yaml
[0.275s] -- Up-to-date: /home/ktel/yeyu_ws_temp/install/yeyu_bringup/share/yeyu_bringup/script
[0.275s] -- Up-to-date: /home/ktel/yeyu_ws_temp/install/yeyu_bringup/share/yeyu_bringup/script/create_udev_rules
[0.275s] -- Up-to-date: /home/ktel/yeyu_ws_temp/install/yeyu_bringup/share/yeyu_bringup/script/99-turtlebot3-cdc.rules
[0.275s] -- Installing: /home/ktel/yeyu_ws_temp/install/yeyu_bringup/share/ament_index/resource_index/package_run_dependencies/yeyu_bringup
[0.275s] -- Installing: /home/ktel/yeyu_ws_temp/install/yeyu_bringup/share/ament_index/resource_index/parent_prefix_path/yeyu_bringup
[0.275s] -- Up-to-date: /home/ktel/yeyu_ws_temp/install/yeyu_bringup/share/yeyu_bringup/environment/ament_prefix_path.sh
[0.275s] -- Installing: /home/ktel/yeyu_ws_temp/install/yeyu_bringup/share/yeyu_bringup/environment/ament_prefix_path.dsv
[0.275s] -- Up-to-date: /home/ktel/yeyu_ws_temp/install/yeyu_bringup/share/yeyu_bringup/environment/path.sh
[0.275s] -- Installing: /home/ktel/yeyu_ws_temp/install/yeyu_bringup/share/yeyu_bringup/environment/path.dsv
[0.275s] -- Up-to-date: /home/ktel/yeyu_ws_temp/install/yeyu_bringup/share/yeyu_bringup/local_setup.bash
[0.275s] -- Up-to-date: /home/ktel/yeyu_ws_temp/install/yeyu_bringup/share/yeyu_bringup/local_setup.sh
[0.275s] -- Up-to-date: /home/ktel/yeyu_ws_temp/install/yeyu_bringup/share/yeyu_bringup/local_setup.zsh
[0.275s] -- Installing: /home/ktel/yeyu_ws_temp/install/yeyu_bringup/share/yeyu_bringup/local_setup.dsv
[0.275s] -- Installing: /home/ktel/yeyu_ws_temp/install/yeyu_bringup/share/yeyu_bringup/package.dsv
[0.275s] -- Up-to-date: /home/ktel/yeyu_ws_temp/install/yeyu_bringup/share/ament_index/resource_index/packages/yeyu_bringup
[0.276s] -- Up-to-date: /home/ktel/yeyu_ws_temp/install/yeyu_bringup/share/yeyu_bringup/cmake/yeyu_bringupConfig.cmake
[0.276s] -- Up-to-date: /home/ktel/yeyu_ws_temp/install/yeyu_bringup/share/yeyu_bringup/cmake/yeyu_bringupConfig-version.cmake
[0.276s] -- Installing: /home/ktel/yeyu_ws_temp/install/yeyu_bringup/share/yeyu_bringup/package.xml
[0.278s] Invoked command in '/home/ktel/yeyu_ws_temp/build/yeyu_bringup' returned '0': CMAKE_PREFIX_PATH=/home/ktel/yeyu_ws_temp/install/yeyu_description:/home/ktel/yeyu_ws_temp/install/yeyu_navigation2:/home/ktel/yeyu_ws_temp/install/yeyu_bringup:/home/ktel/pyqt_ws/install/robot_audio_interfaces:/home/ktel/ros2_lab_ws/install/robot_interfaces:/home/ktel/ros2_study/install/my_cpp_package:/home/ktel/ros2_study/install/my_first_package_msgs:/home/ktel/pyqt_ws/install/tb3_nav2_pyqt_gui:/home/ktel/pyqt_ws/install/robot_audio_gui:/home/ktel/pyqt_ws/install/pyqt_component_qui:/home/ktel/pyqt_ws/install/pyqt_component_gui:/home/ktel/pyqt_ws/install/YEYU_turtlebot3_pyqt_gui:/home/ktel/ros2_lab_ws/install/topic_practice:/home/ktel/ros2_lab_ws/install/pyqt_ros2_gui:/home/ktel/ros2_study/install/my_first_package:/opt/ros/humble /usr/bin/cmake --install /home/ktel/yeyu_ws_temp/build/yeyu_bringup
